Archive member included to satisfy reference by file (symbol)

D:/ST/STM32CubeIDE_1.18.0/STM32CubeIDE/plugins/com.st.stm32cube.ide.mcu.externaltools.gnu-tools-for-stm32.14.3.rel1.win32_1.0.100.202602081740/tools/bin/../lib/gcc/arm-none-eabi/14.3.1/../../../../arm-none-eabi/lib/thumb/v7e-m+fp/hard\libc_nano.a(libc_a-exit.o)
                              D:/ST/STM32CubeIDE_1.18.0/STM32CubeIDE/plugins/com.st.stm32cube.ide.mcu.externaltools.gnu-tools-for-stm32.14.3.rel1.win32_1.0.100.202602081740/tools/bin/../lib/gcc/arm-none-eabi/14.3.1/../../../../arm-none-eabi/lib/thumb/v7e-m+fp/hard/crt0.o (exit)
D:/ST/STM32CubeIDE_1.18.0/STM32CubeIDE/plugins/com.st.stm32cube.ide.mcu.externaltools.gnu-tools-for-stm32.14.3.rel1.win32_1.0.100.202602081740/tools/bin/../lib/gcc/arm-none-eabi/14.3.1/../../../../arm-none-eabi/lib/thumb/v7e-m+fp/hard\libc_nano.a(libc_a-findfp.o)
                              D:/ST/STM32CubeIDE_1.18.0/STM32CubeIDE/plugins/com.st.stm32cube.ide.mcu.externaltools.gnu-tools-for-stm32.14.3.rel1.win32_1.0.100.202602081740/tools/bin/../lib/gcc/arm-none-eabi/14.3.1/../../../../arm-none-eabi/lib/thumb/v7e-m+fp/hard\libc_nano.a(libc_a-exit.o) (__stdio_exit_handler)
D:/ST/STM32CubeIDE_1.18.0/STM32CubeIDE/plugins/com.st.stm32cube.ide.mcu.externaltools.gnu-tools-for-stm32.14.3.rel1.win32_1.0.100.202602081740/tools/bin/../lib/gcc/arm-none-eabi/14.3.1/../../../../arm-none-eabi/lib/thumb/v7e-m+fp/hard\libc_nano.a(libc_a-fwalk.o)
                              D:/ST/STM32CubeIDE_1.18.0/STM32CubeIDE/plugins/com.st.stm32cube.ide.mcu.externaltools.gnu-tools-for-stm32.14.3.rel1.win32_1.0.100.202602081740/tools/bin/../lib/gcc/arm-none-eabi/14.3.1/../../../../arm-none-eabi/lib/thumb/v7e-m+fp/hard\libc_nano.a(libc_a-findfp.o) (_fwalk_sglue)
D:/ST/STM32CubeIDE_1.18.0/STM32CubeIDE/plugins/com.st.stm32cube.ide.mcu.externaltools.gnu-tools-for-stm32.14.3.rel1.win32_1.0.100.202602081740/tools/bin/../lib/gcc/arm-none-eabi/14.3.1/../../../../arm-none-eabi/lib/thumb/v7e-m+fp/hard\libc_nano.a(libc_a-sprintf.o)
                              ./Core/Src/IMU.o (sprintf)
D:/ST/STM32CubeIDE_1.18.0/STM32CubeIDE/plugins/com.st.stm32cube.ide.mcu.externaltools.gnu-tools-for-stm32.14.3.rel1.win32_1.0.100.202602081740/tools/bin/../lib/gcc/arm-none-eabi/14.3.1/../../../../arm-none-eabi/lib/thumb/v7e-m+fp/hard\libc_nano.a(libc_a-stdio.o)
                              D:/ST/STM32CubeIDE_1.18.0/STM32CubeIDE/plugins/com.st.stm32cube.ide.mcu.externaltools.gnu-tools-for-stm32.14.3.rel1.win32_1.0.100.202602081740/tools/bin/../lib/gcc/arm-none-eabi/14.3.1/../../../../arm-none-eabi/lib/thumb/v7e-m+fp/hard\libc_nano.a(libc_a-findfp.o) (__sread)
D:/ST/STM32CubeIDE_1.18.0/STM32CubeIDE/plugins/com.st.stm32cube.ide.mcu.externaltools.gnu-tools-for-stm32.14.3.rel1.win32_1.0.100.202602081740/tools/bin/../lib/gcc/arm-none-eabi/14.3.1/../../../../arm-none-eabi/lib/thumb/v7e-m+fp/hard\libc_nano.a(libc_a-memset.o)
                              D:/ST/STM32CubeIDE_1.18.0/STM32CubeIDE/plugins/com.st.stm32cube.ide.mcu.externaltools.gnu-tools-for-stm32.14.3.rel1.win32_1.0.100.202602081740/tools/bin/../lib/gcc/arm-none-eabi/14.3.1/../../../../arm-none-eabi/lib/thumb/v7e-m+fp/hard/crt0.o (memset)
D:/ST/STM32CubeIDE_1.18.0/STM32CubeIDE/plugins/com.st.stm32cube.ide.mcu.externaltools.gnu-tools-for-stm32.14.3.rel1.win32_1.0.100.202602081740/tools/bin/../lib/gcc/arm-none-eabi/14.3.1/../../../../arm-none-eabi/lib/thumb/v7e-m+fp/hard\libc_nano.a(libc_a-closer.o)
                              D:/ST/STM32CubeIDE_1.18.0/STM32CubeIDE/plugins/com.st.stm32cube.ide.mcu.externaltools.gnu-tools-for-stm32.14.3.rel1.win32_1.0.100.202602081740/tools/bin/../lib/gcc/arm-none-eabi/14.3.1/../../../../arm-none-eabi/lib/thumb/v7e-m+fp/hard\libc_nano.a(libc_a-stdio.o) (_close_r)
D:/ST/STM32CubeIDE_1.18.0/STM32CubeIDE/plugins/com.st.stm32cube.ide.mcu.externaltools.gnu-tools-for-stm32.14.3.rel1.win32_1.0.100.202602081740/tools/bin/../lib/gcc/arm-none-eabi/14.3.1/../../../../arm-none-eabi/lib/thumb/v7e-m+fp/hard\libc_nano.a(libc_a-reent.o)
                              D:/ST/STM32CubeIDE_1.18.0/STM32CubeIDE/plugins/com.st.stm32cube.ide.mcu.externaltools.gnu-tools-for-stm32.14.3.rel1.win32_1.0.100.202602081740/tools/bin/../lib/gcc/arm-none-eabi/14.3.1/../../../../arm-none-eabi/lib/thumb/v7e-m+fp/hard\libc_nano.a(libc_a-closer.o) (errno)
D:/ST/STM32CubeIDE_1.18.0/STM32CubeIDE/plugins/com.st.stm32cube.ide.mcu.externaltools.gnu-tools-for-stm32.14.3.rel1.win32_1.0.100.202602081740/tools/bin/../lib/gcc/arm-none-eabi/14.3.1/../../../../arm-none-eabi/lib/thumb/v7e-m+fp/hard\libc_nano.a(libc_a-impure.o)
                              D:/ST/STM32CubeIDE_1.18.0/STM32CubeIDE/plugins/com.st.stm32cube.ide.mcu.externaltools.gnu-tools-for-stm32.14.3.rel1.win32_1.0.100.202602081740/tools/bin/../lib/gcc/arm-none-eabi/14.3.1/../../../../arm-none-eabi/lib/thumb/v7e-m+fp/hard\libc_nano.a(libc_a-sprintf.o) (_impure_ptr)
[...]
Memory Configuration

Name             Origin             Length             Attributes
CCMRAM           0x10000000         0x00002000         xrw
RAM              0x20000000         0x0000a000         xrw
FLASH            0x08000000         0x00040000         xr
*default*        0x00000000         0xffffffff

Linker script and memory map

LOAD D:/ST/STM32CubeIDE_1.18.0/STM32CubeIDE/plugins/com.st.stm32cube.ide.mcu.externaltools.gnu-tools-for-stm32.14.3.rel1.win32_1.0.100.202602081740/tools/bin/../lib/gcc/arm-none-eabi/14.3.1/thumb/v7e-m+fp/hard/crti.o
LOAD D:/ST/STM32CubeIDE_1.18.0/STM32CubeIDE/plugins/com.st.stm32cube.ide.mcu.externaltools.gnu-tools-for-stm32.14.3.rel1.win32_1.0.100.202602081740/tools/bin/../lib/gcc/arm-none-eabi/14.3.1/thumb/v7e-m+fp/hard/crtbegin.o
LOAD D:/ST/STM32CubeIDE_1.18.0/STM32CubeIDE/plugins/com.st.stm32cube.ide.mcu.externaltools.gnu-tools-for-stm32.14.3.rel1.win32_1.0.100.202602081740/tools/bin/../lib/gcc/arm-none-eabi/14.3.1/../../../../arm-none-eabi/lib/thumb/v7e-m+fp/hard/crt0.o
LOAD ./Core/Src/COMM.o
LOAD ./Core/Src/IMU.o
LOAD ./Core/Src/MOTOR.o
LOAD ./Core/Src/Optic.o
LOAD ./Core/Src/PID_CONTROL.o
LOAD ./Core/Src/TOF.o
LOAD ./Core/Src/VL53L1X_api.o
LOAD ./Core/Src/VL53L1X_calibration.o
LOAD ./Core/Src/flight.o
LOAD ./Core/Src/main.o
LOAD ./Core/Src/stm32f3xx_hal_msp.o
LOAD ./Core/Src/stm32f3xx_it.o
LOAD ./Core/Src/syscalls.o
LOAD ./Core/Src/sysmem.o
LOAD ./Core/Src/system_stm32f3xx.o
LOAD ./Core/Src/timers.o
LOAD ./Core/Src/vl53l1_platform.o
LOAD ./Core/Startup/startup_stm32f303cctx.o
LOAD ./Drivers/STM32F3xx_HAL_Driver/Src/stm32f3xx_hal.o
LOAD ./Drivers/STM32F3xx_HAL_Driver/Src/stm32f3xx_hal_cortex.o
LOAD ./Drivers/STM32F3xx_HAL_Driver/Src/stm32f3xx_hal_dma.o
LOAD ./Drivers/STM32F3xx_HAL_Driver/Src/stm32f3xx_hal_exti.o
LOAD ./Drivers/STM32F3xx_HAL_Driver/Src/stm32f3xx_hal_flash.o
LOAD ./Drivers/STM32F3xx_HAL_Driver/Src/stm32f3xx_hal_flash_ex.o
LOAD ./Drivers/STM32F3xx_HAL_Driver/Src/stm32f3xx_hal_gpio.o
LOAD ./Drivers/STM32F3xx_HAL_Driver/Src/stm32f3xx_hal_i2c.o
LOAD ./Drivers/STM32F3xx_HAL_Driver/Src/stm32f3xx_hal_i2c_ex.o
LOAD ./Drivers/STM32F3xx_HAL_Driver/Src/stm32f3xx_hal_pwr.o
LOAD ./Drivers/STM32F3xx_HAL_Driver/Src/stm32f3xx_hal_pwr_ex.o
LOAD ./Drivers/STM32F3xx_HAL_Driver/Src/stm32f3xx_hal_rcc.o
LOAD ./Drivers/STM32F3xx_HAL_Driver/Src/stm32f3xx_hal_rcc_ex.o
LOAD ./Drivers/STM32F3xx_HAL_Driver/Src/stm32f3xx_hal_spi.o
LOAD ./Drivers/STM32F3xx_HAL_Driver/Src/stm32f3xx_hal_spi_ex.o
LOAD ./Drivers/STM32F3xx_HAL_Driver/Src/stm32f3xx_hal_tim.o
LOAD ./Drivers/STM32F3xx_HAL_Driver/Src/stm32f3xx_hal_tim_ex.o
LOAD ./Drivers/STM32F3xx_HAL_Driver/Src/stm32f3xx_hal_uart.o
LOAD ./Drivers/STM32F3xx_HAL_Driver/Src/stm32f3xx_hal_uart_ex.o
START GROUP
LOAD D:/ST/STM32CubeIDE_1.18.0/STM32CubeIDE/plugins/com.st.stm32cube.ide.mcu.externaltools.gnu-tools-for-stm32.14.3.rel1.win32_1.0.100.202602081740/tools/bin/../lib/gcc/arm-none-eabi/14.3.1/../../../../arm-none-eabi/lib/thumb/v7e-m+fp/hard\libc_nano.a
LOAD D:/ST/STM32CubeIDE_1.18.0/STM32CubeIDE/plugins/com.st.stm32cube.ide.mcu.externaltools.gnu-tools-for-stm32.14.3.rel1.win32_1.0.100.202602081740/tools/bin/../lib/gcc/arm-none-eabi/14.3.1/../../../../arm-none-eabi/lib/thumb/v7e-m+fp/hard\libm.a
END GROUP
START GROUP
LOAD D:/ST/STM32CubeIDE_1.18.0/STM32CubeIDE/plugins/com.st.stm32cube.ide.mcu.externaltools.gnu-tools-for-stm32.14.3.rel1.win32_1.0.100.202602081740/tools/bin/../lib/gcc/arm-none-eabi/14.3.1/thumb/v7e-m+fp/hard\libgcc.a
LOAD D:/ST/STM32CubeIDE_1.18.0/STM32CubeIDE/plugins/com.st.stm32cube.ide.mcu.externaltools.gnu-tools-for-stm32.14.3.rel1.win32_1.0.100.202602081740/tools/bin/../lib/gcc/arm-none-eabi/14.3.1/../../../../arm-none-eabi/lib/thumb/v7e-m+fp/hard\libc_nano.a
END GROUP
START GROUP
LOAD D:/ST/STM32CubeIDE_1.18.0/STM32CubeIDE/plugins/com.st.stm32cube.ide.mcu.externaltools.gnu-tools-for-stm32.14.3.rel1.win32_1.0.100.202602081740/tools/bin/../lib/gcc/arm-none-eabi/14.3.1/thumb/v7e-m+fp/hard\libgcc.a
LOAD D:/ST/STM32CubeIDE_1.18.0/STM32CubeIDE/plugins/com.st.stm32cube.ide.mcu.externaltools.gnu-tools-for-stm32.14.3.rel1.win32_1.0.100.202602081740/tools/bin/../lib/gcc/arm-none-eabi/14.3.1/../../../../arm-none-eabi/lib/thumb/v7e-m+fp/hard\libc_nano.a
LOAD D:/ST/STM32CubeIDE_1.18.0/STM32CubeIDE/plugins/com.st.stm32cube.ide.mcu.externaltools.gnu-tools-for-stm32.14.3.rel1.win32_1.0.100.202602081740/tools/bin/../lib/gcc/arm-none-eabi/14.3.1/../../../../arm-none-eabi/lib/thumb/v7e-m+fp/hard\libnosys.a
END GROUP
START GROUP
LOAD D:/ST/STM32CubeIDE_1.18.0/STM32CubeIDE/plugins/com.st.stm32cube.ide.mcu.externaltools.gnu-tools-for-stm32.14.3.rel1.win32_1.0.100.202602081740/tools/bin/../lib/gcc/arm-none-eabi/14.3.1/thumb/v7e-m+fp/hard\libgcc.a
LOAD D:/ST/STM32CubeIDE_1.18.0/STM32CubeIDE/plugins/com.st.stm32cube.ide.mcu.externaltools.gnu-tools-for-stm32.14.3.rel1.win32_1.0.100.202602081740/tools/bin/../lib/gcc/arm-none-eabi/14.3.1/../../../../arm-none-eabi/lib/thumb/v7e-m+fp/hard\libc_nano.a
LOAD D:/ST/STM32CubeIDE_1.18.0/STM32CubeIDE/plugins/com.st.stm32cube.ide.mcu.externaltools.gnu-tools-for-stm32.14.3.rel1.win32_1.0.100.202602081740/tools/bin/../lib/gcc/arm-none-eabi/14.3.1/../../../../arm-none-eabi/lib/thumb/v7e-m+fp/hard\libnosys.a
END GROUP
LOAD D:/ST/STM32CubeIDE_1.18.0/STM32CubeIDE/plugins/com.st.stm32cube.ide.mcu.externaltools.gnu-tools-for-stm32.14.3.rel1.win32_1.0.100.202602081740/tools/bin/../lib/gcc/arm-none-eabi/14.3.1/thumb/v7e-m+fp/hard/crtend.o
LOAD D:/ST/STM32CubeIDE_1.18.0/STM32CubeIDE/plugins/com.st.stm32cube.ide.mcu.externaltools.gnu-tools-for-stm32.14.3.rel1.win32_1.0.100.202602081740/tools/bin/../lib/gcc/arm-none-eabi/14.3.1/thumb/v7e-m+fp/hard/crtn.o
                0x2000a000                        _estack = (ORIGIN (RAM) + LENGTH (RAM))
                0x00000200                        _Min_Heap_Size = 0x200
                0x00000400                        _Min_Stack_Size = 0x400

.isr_vector     0x08000000      0x188
                0x08000000                        . = ALIGN (0x4)
 *(.isr_vector)
 .isr_vector    0x08000000      0x188 ./Core/Startup/startup_stm32f303cctx.o
                0x08000000                g_pfnVectors
                0x08000188                        . = ALIGN (0x4)

.text           0x08000190     0xf888
                0x08000190                        . = ALIGN (0x4)
 *(.text)
 .text          0x08000190       0x40 D:/ST/STM32CubeIDE_1.18.0/STM32CubeIDE/plugins/com.st.stm32cube.ide.mcu.externaltools.gnu-tools-for-stm32.14.3.rel1.win32_1.0.100.202602081740/tools/bin/../lib/gcc/arm-none-eabi/14.3.1/thumb/v7e-m+fp/hard/crtbegin.o
 .text          0x080001d0       0x10 D:/ST/STM32CubeIDE_1.18.0/STM32CubeIDE/plugins/com.st.stm32cube.ide.mcu.externaltools.gnu-tools-for-stm32.14.3.rel1.win32_1.0.100.202602081740/tools/bin/../lib/gcc/arm-none-eabi/14.3.1/../../../../arm-none-eabi/lib/thumb/v7e-m+fp/hard\libc_nano.a(libc_a-strlen.o)
                0x080001d0                strlen
 .text          0x080001e0       0xa0 D:/ST/STM32CubeIDE_1.18.0/STM32CubeIDE/plugins/com.st.stm32cube.ide.mcu.externaltools.gnu-tools-for-stm32.14.3.rel1.win32_1.0.100.202602081740/tools/bin/../lib/gcc/arm-none-eabi/14.3.1/../../../../arm-none-eabi/lib/thumb/v7e-m+fp/hard\libc_nano.a(libc_a-memchr.o)
                0x080001e0                memchr
 .text          0x08000280      0x378 D:/ST/STM32CubeIDE_1.18.0/STM32CubeIDE/plugins/com.st.stm32cube.ide.mcu.externaltools.gnu-tools-for-stm32.14.3.rel1.win32_1.0.100.202602081740/tools/bin/../lib/gcc/arm-none-eabi/14.3.1/thumb/v7e-m+fp/hard\libgcc.a(_arm_addsubdf3.o)
                0x08000280                __aeabi_drsub
                0x08000288                __aeabi_dsub
                0x08000288                __subdf3
                0x0800028c                __aeabi_dadd
                0x0800028c                __adddf3
                0x08000504                __floatunsidf
                0x08000504                __aeabi_ui2d
                0x08000524                __floatsidf
                0x08000524                __aeabi_i2d
                0x08000548                __aeabi_f2d
                0x08000548                __extendsfdf2
                0x0800058c                __floatundidf
                0x0800058c                __aeabi_ul2d
                0x0800059c                __floatdidf
                0x0800059c                __aeabi_l2d
 .text          0x080005f8      0x424 D:/ST/STM32CubeIDE_1.18.0/STM32CubeIDE/plugins/com.st.stm32cube.ide.mcu.externaltools.gnu-tools-for-stm32.14.3.rel1.win32_1.0.100.202602081740/tools/bin/../lib/gcc/arm-none-eabi/14.3.1/thumb/v7e-m+fp/hard\libgcc.a(_arm_muldivdf3.o)
                0x080005f8                __aeabi_dmul
                0x080005f8                __muldf3
                0x0800084c                __divdf3
                0x0800084c                __aeabi_ddiv
 .text          0x08000a1c       0x40 D:/ST/STM32CubeIDE_1.18.0/STM32CubeIDE/plugins/com.st.stm32cube.ide.mcu.externaltools.gnu-tools-for-stm32.14.3.rel1.win32_1.0.100.202602081740/tools/bin/../lib/gcc/arm-none-eabi/14.3.1/thumb/v7e-m+fp/hard\libgcc.a(_arm_fixunsdfsi.o)
                0x08000a1c                __aeabi_d2uiz
                0x08000a1c                __fixunsdfsi
 *(.text*)
 .text.comm_init
                0x08000a5c       0x1c ./Core/Src/COMM.o
                0x08000a5c                comm_init
 .text.MX_I2C1_Init
                0x08000a78       0x80 ./Core/Src/COMM.o
 .text.MX_USART1_UART_Init
                0x08000af8       0x60 ./Core/Src/COMM.o
 .text.MX_SPI2_Init
                0x08000b58       0x7c ./Core/Src/COMM.o
 .text.MX_SPI2_Init_AFTER_OPTIC
                0x08000bd4       0x7c ./Core/Src/COMM.o
                0x08000bd4                MX_SPI2_Init_AFTER_OPTIC
 .text.MX_DMA_Init
                0x08000c50       0x6c ./Core/Src/COMM.o
 .text.i2c_req_push
                0x08000cbc       0x6c ./Core/Src/COMM.o
 .text.i2c_req_pop
                0x08000d28       0x6c ./Core/Src/COMM.o
 .text.sensor_rb_push
                0x08000d94       0x70 ./Core/Src/COMM.o
 .text.sensor_rb_pop
                0x08000e04       0x78 ./Core/Src/COMM.o
 .text.IMU_Task
                0x08000e7c       0x60 ./Core/Src/COMM.o
                0x08000e7c                IMU_Task
 .text.TOF_Task_Status
                0x08000edc       0x5c ./Core/Src/COMM.o
                0x08000edc                TOF_Task_Status
 .text.TOF_Task_Clear
                0x08000f38       0x5c ./Core/Src/COMM.o
                0x08000f38                TOF_Task_Clear
 .text.TOF_Task_Distance
                0x08000f94       0x5c ./Core/Src/COMM.o
                0x08000f94                TOF_Task_Distance
 .text.I2C_Task
                0x08000ff0       0xb4 ./Core/Src/COMM.o
                0x08000ff0                I2C_Task
 .text.SENSOR_Process
                0x080010a4       0x8c ./Core/Src/COMM.o
                0x080010a4                SENSOR_Process
 .text.HAL_I2C_MemRxCpltCallback
                0x08001130       0xa4 ./Core/Src/COMM.o
                0x08001130                HAL_I2C_MemRxCpltCallback
 .text.HAL_I2C_MemTxCpltCallback
                0x080011d4       0x58 ./Core/Src/COMM.o
                0x080011d4                HAL_I2C_MemTxCpltCallback
 .text.HAL_I2C_ErrorCallback
                0x0800122c       0x14 ./Core/Src/COMM.o
                0x0800122c                HAL_I2C_ErrorCallback
 .text.debug_print
                0x08001240       0x22 ./Core/Src/COMM.o
                0x08001240                debug_print
 *fill*         0x08001262        0x2 
 .text.USART1_Transmit_DMA
                0x08001264      0x120 ./Core/Src/COMM.o
                0x08001264                USART1_Transmit_DMA
 .text.HAL_UART_TxCpltCallback
                0x08001384       0x9c ./Core/Src/COMM.o
                0x08001384                HAL_UART_TxCpltCallback
 .text.HAL_SPI_RxCpltCallback
                0x08001420      0x104 ./Core/Src/COMM.o
                0x08001420                HAL_SPI_RxCpltCallback
 .text.HAL_SPI_TxCpltCallback
                0x08001524       0xa4 ./Core/Src/COMM.o
                0x08001524                HAL_SPI_TxCpltCallback
 .text.HAL_SPI_TxRxCpltCallback
                0x080015c8       0x14 ./Core/Src/COMM.o
                0x080015c8                HAL_SPI_TxRxCpltCallback
 .text.HAL_SPI_ErrorCallback
                0x080015dc       0x3c ./Core/Src/COMM.o
                0x080015dc                HAL_SPI_ErrorCallback
 .text.get_us   0x08001618       0x18 ./Core/Src/IMU.o
 .text.IMU_Init
                0x08001630       0xac ./Core/Src/IMU.o
                0x08001630                IMU_Init
 .text.IMU_Config_Fast_Mode
                0x080016dc       0xbc ./Core/Src/IMU.o
                0x080016dc                IMU_Config_Fast_Mode
 .text.IMU_Verify_Config
                0x08001798      0x160 ./Core/Src/IMU.o
                0x08001798                IMU_Verify_Config
 .text.IMU_Calib
                0x080018f8      0x108 ./Core/Src/IMU.o
                0x080018f8                IMU_Calib
 .text.IMU_Parse_Data
                0x08001a00      0x108 ./Core/Src/IMU.o
                0x08001a00                IMU_Parse_Data
 .text.IMU_compute_rotation
                0x08001b08      0x554 ./Core/Src/IMU.o
                0x08001b08                IMU_compute_rotation
 .text.vector3_normalize
                0x0800205c       0xe4 ./Core/Src/IMU.o
                0x0800205c                vector3_normalize
 .text.vector3_length
                0x08002140       0x60 ./Core/Src/IMU.o
                0x08002140                vector3_length
 .text.quaternion_multiply
                0x080021a0      0x184 ./Core/Src/IMU.o
                0x080021a0                quaternion_multiply
 .text.quaternion_normalize
                0x08002324      0x11c ./Core/Src/IMU.o
                0x08002324                quaternion_normalize
 .text.quat_to_euler
                0x08002440      0x190 ./Core/Src/IMU.o
                0x08002440                quat_to_euler
 .text.esc_init
                0x080025d0       0xac ./Core/Src/MOTOR.o
                0x080025d0                esc_init
 .text.set_all_motors
                0x0800267c       0x70 ./Core/Src/MOTOR.o
                0x0800267c                set_all_motors
 .text.set_motor1_speed
                0x080026ec       0x44 ./Core/Src/MOTOR.o
                0x080026ec                set_motor1_speed
 .text.set_motor2_speed
                0x08002730       0x44 ./Core/Src/MOTOR.o
                0x08002730                set_motor2_speed
 .text.set_motor3_speed
                0x08002774       0x44 ./Core/Src/MOTOR.o
                0x08002774                set_motor3_speed
 .text.set_motor4_speed
                0x080027b8       0x44 ./Core/Src/MOTOR.o
                0x080027b8                set_motor4_speed
 .text.get_us   0x080027fc       0x18 ./Core/Src/Optic.o
 .text.PMW3901_Write
                0x08002814       0x5c ./Core/Src/Optic.o
                0x08002814                PMW3901_Write
 .text.PMW3901_Read
                0x08002870       0x68 ./Core/Src/Optic.o
                0x08002870                PMW3901_Read
 .text.PMW3901_Init
                0x080028d8       0xb8 ./Core/Src/Optic.o
                0x080028d8                PMW3901_Init
 .text.PMW3901_SecretSauce
                0x08002990      0x262 ./Core/Src/Optic.o
                0x08002990                PMW3901_SecretSauce
 *fill*         0x08002bf2        0x2 
 .text.optical_request_motion_burst
                0x08002bf4       0xd8 ./Core/Src/Optic.o
                0x08002bf4                optical_request_motion_burst
 .text.horizontal_pos
                0x08002ccc       0x7c ./Core/Src/Optic.o
                0x08002ccc                horizontal_pos
 .text.FLOW_Update
                0x08002d48      0x1b0 ./Core/Src/Optic.o
                0x08002d48                FLOW_Update
 .text.PID_Init
                0x08002ef8      0x118 ./Core/Src/PID_CONTROL.o
                0x08002ef8                PID_Init
 .text.compute_pid
                0x08003010      0x1ce ./Core/Src/PID_CONTROL.o
                0x08003010                compute_pid
 *fill*         0x080031de        0x2 
 .text.update_motors
                0x080031e0      0x124 ./Core/Src/PID_CONTROL.o
                0x080031e0                update_motors
 .text.get_us   0x08003304       0x18 ./Core/Src/TOF.o
 .text.TOF_Parse_Status
                0x0800331c       0x38 ./Core/Src/TOF.o
                0x0800331c                TOF_Parse_Status
 .text.TOF_Parse_Distance
                0x08003354       0x44 ./Core/Src/TOF.o
                0x08003354                TOF_Parse_Distance
 .text.TOF_Update
                0x08003398       0xf4 ./Core/Src/TOF.o
                0x08003398                TOF_Update
 .text.VL53L1X_SensorInit
                0x0800348c      0x15c ./Core/Src/VL53L1X_api.o
                0x0800348c                VL53L1X_SensorInit
 .text.VL53L1X_ClearInterrupt
                0x080035e8       0x32 ./Core/Src/VL53L1X_api.o
                0x080035e8                VL53L1X_ClearInterrupt
 .text.VL53L1X_StartRanging
                0x0800361a       0x32 ./Core/Src/VL53L1X_api.o
                0x0800361a                VL53L1X_StartRanging
 .text.VL53L1X_StopRanging
                0x0800364c       0x32 ./Core/Src/VL53L1X_api.o
                0x0800364c                VL53L1X_StopRanging
 .text.VL53L1X_CheckForDataReady
                0x0800367e       0x5e ./Core/Src/VL53L1X_api.o
                0x0800367e                VL53L1X_CheckForDataReady
 .text.VL53L1X_SetTimingBudgetInMs
                0x080036dc      0x22a ./Core/Src/VL53L1X_api.o
                0x080036dc                VL53L1X_SetTimingBudgetInMs
 .text.VL53L1X_GetTimingBudgetInMs
                0x08003906      0x10c ./Core/Src/VL53L1X_api.o
                0x08003906                VL53L1X_GetTimingBudgetInMs
 .text.VL53L1X_SetDistanceMode
                0x08003a12      0x13a ./Core/Src/VL53L1X_api.o
                0x08003a12                VL53L1X_SetDistanceMode
 .text.VL53L1X_GetDistanceMode
                0x08003b4c       0x4e ./Core/Src/VL53L1X_api.o
                0x08003b4c                VL53L1X_GetDistanceMode
 *fill*         0x08003b9a        0x6 
 .text.VL53L1X_SetInterMeasurementInMs
                0x08003ba0       0x80 ./Core/Src/VL53L1X_api.o
                0x08003ba0                VL53L1X_SetInterMeasurementInMs
 .text.VL53L1X_GetSensorId
                0x08003c20       0x44 ./Core/Src/VL53L1X_api.o
                0x08003c20                VL53L1X_GetSensorId
 .text.VL53L1X_SetOffset
                0x08003c64       0x74 ./Core/Src/VL53L1X_api.o
                0x08003c64                VL53L1X_SetOffset
 .text.VL53L1X_SetROI
                0x08003cd8       0xae ./Core/Src/VL53L1X_api.o
                0x08003cd8                VL53L1X_SetROI
 *fill*         0x08003d86        0x2 
 .text.get_us   0x08003d88       0x18 ./Core/Src/main.o
 .text.pid_deltatime_us
                0x08003da0       0x34 ./Core/Src/main.o
 .text.main     0x08003dd4      0x3d4 ./Core/Src/main.o
                0x08003dd4                main
 .text.SystemClock_Config
                0x080041a8       0xb6 ./Core/Src/main.o
                0x080041a8                SystemClock_Config
 *fill*         0x0800425e        0x2 
 .text.MX_GPIO_Init
                0x08004260       0x80 ./Core/Src/main.o
 .text.DWT_Init
                0x080042e0       0x34 ./Core/Src/main.o
                0x080042e0                DWT_Init
 .text.Error_Handler
                0x08004314        0xc ./Core/Src/main.o
                0x08004314                Error_Handler
 .text.HAL_MspInit
                0x08004320       0x48 ./Core/Src/stm32f3xx_hal_msp.o
                0x08004320                HAL_MspInit
 .text.HAL_I2C_MspInit
                0x08004368      0x150 ./Core/Src/stm32f3xx_hal_msp.o
                0x08004368                HAL_I2C_MspInit
 .text.HAL_TIM_Base_MspInit
                0x080044b8       0xdc ./Core/Src/stm32f3xx_hal_msp.o
                0x080044b8                HAL_TIM_Base_MspInit
 .text.HAL_TIM_MspPostInit
                0x08004594      0x150 ./Core/Src/stm32f3xx_hal_msp.o
                0x08004594                HAL_TIM_MspPostInit
 .text.HAL_UART_MspInit
                0x080046e4      0x140 ./Core/Src/stm32f3xx_hal_msp.o
                0x080046e4                HAL_UART_MspInit
 .text.HAL_SPI_MspInit
                0x08004824       0x98 ./Core/Src/stm32f3xx_hal_msp.o
                0x08004824                HAL_SPI_MspInit
 .text.NMI_Handler
                0x080048bc        0x8 ./Core/Src/stm32f3xx_it.o
                0x080048bc                NMI_Handler
 .text.HardFault_Handler
                0x080048c4        0x8 ./Core/Src/stm32f3xx_it.o
                0x080048c4                HardFault_Handler
 .text.MemManage_Handler
                0x080048cc        0x8 ./Core/Src/stm32f3xx_it.o
                0x080048cc                MemManage_Handler
 .text.BusFault_Handler
                0x080048d4        0x8 ./Core/Src/stm32f3xx_it.o
                0x080048d4                BusFault_Handler
 .text.UsageFault_Handler
                0x080048dc        0x8 ./Core/Src/stm32f3xx_it.o
                0x080048dc                UsageFault_Handler
 .text.SVC_Handler
                0x080048e4        0xe ./Core/Src/stm32f3xx_it.o
                0x080048e4                SVC_Handler
 .text.DebugMon_Handler
                0x080048f2        0xe ./Core/Src/stm32f3xx_it.o
                0x080048f2                DebugMon_Handler
 .text.PendSV_Handler
                0x08004900        0xe ./Core/Src/stm32f3xx_it.o
                0x08004900                PendSV_Handler
 .text.SysTick_Handler
                0x0800490e        0xc ./Core/Src/stm32f3xx_it.o
                0x0800490e                SysTick_Handler
 *fill*         0x0800491a        0x2 
 .text.DMA1_Channel4_IRQHandler
                0x0800491c       0x14 ./Core/Src/stm32f3xx_it.o
                0x0800491c                DMA1_Channel4_IRQHandler
 .text.DMA1_Channel5_IRQHandler
                0x08004930       0x14 ./Core/Src/stm32f3xx_it.o
                0x08004930                DMA1_Channel5_IRQHandler
 .text.DMA1_Channel6_IRQHandler
                0x08004944       0x14 ./Core/Src/stm32f3xx_it.o
                0x08004944                DMA1_Channel6_IRQHandler
 .text.DMA1_Channel7_IRQHandler
                0x08004958       0x14 ./Core/Src/stm32f3xx_it.o
                0x08004958                DMA1_Channel7_IRQHandler
 .text.I2C1_EV_IRQHandler
                0x0800496c       0x14 ./Core/Src/stm32f3xx_it.o
                0x0800496c                I2C1_EV_IRQHandler
 .text.I2C1_ER_IRQHandler
                0x08004980       0x14 ./Core/Src/stm32f3xx_it.o
                0x08004980                I2C1_ER_IRQHandler
 .text.USART1_IRQHandler
                0x08004994       0x14 ./Core/Src/stm32f3xx_it.o
                0x08004994                USART1_IRQHandler
 .text.SPI2_IRQHandler
                0x080049a8       0x14 ./Core/Src/stm32f3xx_it.o
                0x080049a8                SPI2_IRQHandler
 .text._sbrk    0x080049bc       0x6c ./Core/Src/sysmem.o
                0x080049bc                _sbrk
 .text.SystemInit
                0x08004a28       0x24 ./Core/Src/system_stm32f3xx.o
                0x08004a28                SystemInit
 .text.get_us   0x08004a4c       0x18 ./Core/Src/timers.o
 .text.timers_init
                0x08004a64       0x1c ./Core/Src/timers.o
                0x08004a64                timers_init
 .text.MX_TIM1_Init
                0x08004a80      0x158 ./Core/Src/timers.o
 .text.MX_TIM3_Init
                0x08004bd8       0xf0 ./Core/Src/timers.o
 .text.MX_TIM2_Init
                0x08004cc8       0x6c ./Core/Src/timers.o
 .text.MX_TIM16_Init
                0x08004d34       0xf4 ./Core/Src/timers.o
 .text.MX_TIM17_Init
                0x08004e28       0xf4 ./Core/Src/timers.o
 .text.delay_ms
                0x08004f1c       0x38 ./Core/Src/timers.o
                0x08004f1c                delay_ms
 .text.delay_us
                0x08004f54       0x2c ./Core/Src/timers.o
                0x08004f54                delay_us
 .text.VL53L1_WrByte
                0x08004f80       0x54 ./Core/Src/vl53l1_platform.o
                0x08004f80                VL53L1_WrByte
 .text.VL53L1_WrWord
                0x08004fd4       0x60 ./Core/Src/vl53l1_platform.o
                0x08004fd4                VL53L1_WrWord
 .text.VL53L1_WrDWord
                0x08005034       0x6c ./Core/Src/vl53l1_platform.o
                0x08005034                VL53L1_WrDWord
 .text.VL53L1_RdByte
                0x080050a0       0x68 ./Core/Src/vl53l1_platform.o
                0x080050a0                VL53L1_RdByte
 .text.VL53L1_RdWord
                0x08005108       0x80 ./Core/Src/vl53l1_platform.o
                0x08005108                VL53L1_RdWord
 .text.VL53L1_WaitMs
                0x08005188       0x1c ./Core/Src/vl53l1_platform.o
                0x08005188                VL53L1_WaitMs
 .text.Reset_Handler
                0x080051a4       0x50 ./Core/Startup/startup_stm32f303cctx.o
                0x080051a4                Reset_Handler
 .text.Default_Handler
                0x080051f4        0x2 ./Core/Startup/startup_stm32f303cctx.o
                0x080051f4                RTC_Alarm_IRQHandler
                0x080051f4                TIM8_TRG_COM_IRQHandler
                0x080051f4                TIM8_CC_IRQHandler
                0x080051f4                TIM1_CC_IRQHandler
                0x080051f4                USB_HP_IRQHandler
                0x080051f4                PVD_IRQHandler
                0x080051f4                TAMP_STAMP_IRQHandler
                0x080051f4                EXTI3_IRQHandler
                0x080051f4                USB_HP_CAN_TX_IRQHandler
                0x080051f4                EXTI0_IRQHandler
                0x080051f4                I2C2_EV_IRQHandler
                0x080051f4                FPU_IRQHandler
                0x080051f4                TIM1_UP_TIM16_IRQHandler
                0x080051f4                ADC1_2_IRQHandler
                0x080051f4                SPI1_IRQHandler
                0x080051f4                CAN_SCE_IRQHandler
                0x080051f4                TIM6_DAC_IRQHandler
                0x080051f4                TIM8_UP_IRQHandler
                0x080051f4                DMA2_Channel2_IRQHandler
                0x080051f4                USART3_IRQHandler
                0x080051f4                UART5_IRQHandler
                0x080051f4                ADC3_IRQHandler
                0x080051f4                TIM4_IRQHandler
                0x080051f4                CAN_RX1_IRQHandler
                0x080051f4                DMA2_Channel1_IRQHandler
                0x080051f4                UART4_IRQHandler
                0x080051f4                DMA2_Channel4_IRQHandler
                0x080051f4                TIM3_IRQHandler
                0x080051f4                RCC_IRQHandler
                0x080051f4                DMA1_Channel1_IRQHandler
                0x080051f4                Default_Handler
                0x080051f4                USBWakeUp_RMP_IRQHandler
                0x080051f4                EXTI15_10_IRQHandler
                0x080051f4                TIM7_IRQHandler
                0x080051f4                EXTI9_5_IRQHandler
                0x080051f4                RTC_WKUP_IRQHandler
                0x080051f4                USB_LP_CAN_RX0_IRQHandler
                0x080051f4                DMA2_Channel5_IRQHandler
                0x080051f4                USB_LP_IRQHandler
                0x080051f4                EXTI4_IRQHandler
                0x080051f4                TIM1_TRG_COM_TIM17_IRQHandler
                0x080051f4                DMA1_Channel3_IRQHandler
                0x080051f4                ADC4_IRQHandler
                0x080051f4                WWDG_IRQHandler
                0x080051f4                TIM2_IRQHandler
                0x080051f4                COMP7_IRQHandler
                0x080051f4                COMP1_2_3_IRQHandler
                0x080051f4                EXTI1_IRQHandler
                0x080051f4                USART2_IRQHandler
                0x080051f4                COMP4_5_6_IRQHandler
                0x080051f4                I2C2_ER_IRQHandler
                0x080051f4                DMA1_Channel2_IRQHandler
                0x080051f4                TIM8_BRK_IRQHandler
                0x080051f4                FLASH_IRQHandler
                0x080051f4                SPI3_IRQHandler
                0x080051f4                USBWakeUp_IRQHandler
                0x080051f4                DMA2_Channel3_IRQHandler
                0x080051f4                EXTI2_TSC_IRQHandler
                0x080051f4                TIM1_BRK_TIM15_IRQHandler
 *fill*         0x080051f6        0x2 
 .text.HAL_Init
                0x080051f8       0x2c ./Drivers/STM32F3xx_HAL_Driver/Src/stm32f3xx_hal.o
                0x080051f8                HAL_Init
 .text.HAL_InitTick
                0x08005224       0x60 ./Drivers/STM32F3xx_HAL_Driver/Src/stm32f3xx_hal.o
                0x08005224                HAL_InitTick
 .text.HAL_IncTick
                0x08005284       0x28 ./Drivers/STM32F3xx_HAL_Driver/Src/stm32f3xx_hal.o
                0x08005284                HAL_IncTick
 .text.HAL_GetTick
                0x080052ac       0x18 ./Drivers/STM32F3xx_HAL_Driver/Src/stm32f3xx_hal.o
                0x080052ac                HAL_GetTick
 .text.HAL_Delay
                0x080052c4       0x48 ./Drivers/STM32F3xx_HAL_Driver/Src/stm32f3xx_hal.o
                0x080052c4                HAL_Delay
 .text.__NVIC_SetPriorityGrouping
                0x0800530c       0x48 ./Drivers/STM32F3xx_HAL_Driver/Src/stm32f3xx_hal_cortex.o
 .text.__NVIC_GetPriorityGrouping
                0x08005354       0x1c ./Drivers/STM32F3xx_HAL_Driver/Src/stm32f3xx_hal_cortex.o
 .text.__NVIC_EnableIRQ
                0x08005370       0x3c ./Drivers/STM32F3xx_HAL_Driver/Src/stm32f3xx_hal_cortex.o
 .text.__NVIC_SetPriority
                0x080053ac       0x54 ./Drivers/STM32F3xx_HAL_Driver/Src/stm32f3xx_hal_cortex.o
 .text.NVIC_EncodePriority
                0x08005400       0x66 ./Drivers/STM32F3xx_HAL_Driver/Src/stm32f3xx_hal_cortex.o
 *fill*         0x08005466        0x2 
 .text.SysTick_Config
                0x08005468       0x44 ./Drivers/STM32F3xx_HAL_Driver/Src/stm32f3xx_hal_cortex.o
 .text.HAL_NVIC_SetPriorityGrouping
                0x080054ac       0x16 ./Drivers/STM32F3xx_HAL_Driver/Src/stm32f3xx_hal_cortex.o
                0x080054ac                HAL_NVIC_SetPriorityGrouping
 .text.HAL_NVIC_SetPriority
                0x080054c2       0x38 ./Drivers/STM32F3xx_HAL_Driver/Src/stm32f3xx_hal_cortex.o
                0x080054c2                HAL_NVIC_SetPriority
 .text.HAL_NVIC_EnableIRQ
                0x080054fa       0x1c ./Drivers/STM32F3xx_HAL_Driver/Src/stm32f3xx_hal_cortex.o
                0x080054fa                HAL_NVIC_EnableIRQ
 .text.HAL_SYSTICK_Config
                0x08005516       0x18 ./Drivers/STM32F3xx_HAL_Driver/Src/stm32f3xx_hal_cortex.o
                0x08005516                HAL_SYSTICK_Config
 .text.HAL_DMA_Init
                0x0800552e       0x8e ./Drivers/STM32F3xx_HAL_Driver/Src/stm32f3xx_hal_dma.o
                0x0800552e                HAL_DMA_Init
 .text.HAL_DMA_Start_IT
                0x080055bc       0xbe ./Drivers/STM32F3xx_HAL_Driver/Src/stm32f3xx_hal_dma.o
                0x080055bc                HAL_DMA_Start_IT
 .text.HAL_DMA_Abort
                0x0800567a       0x7c ./Drivers/STM32F3xx_HAL_Driver/Src/stm32f3xx_hal_dma.o
                0x0800567a                HAL_DMA_Abort
 .text.HAL_DMA_Abort_IT
                0x080056f6       0x7c ./Drivers/STM32F3xx_HAL_Driver/Src/stm32f3xx_hal_dma.o
                0x080056f6                HAL_DMA_Abort_IT
 .text.HAL_DMA_IRQHandler
                0x08005772      0x146 ./Drivers/STM32F3xx_HAL_Driver/Src/stm32f3xx_hal_dma.o
                0x08005772                HAL_DMA_IRQHandler
 .text.HAL_DMA_GetState
                0x080058b8       0x1a ./Drivers/STM32F3xx_HAL_Driver/Src/stm32f3xx_hal_dma.o
                0x080058b8                HAL_DMA_GetState
 .text.DMA_SetConfig
                0x080058d2       0x5c ./Drivers/STM32F3xx_HAL_Driver/Src/stm32f3xx_hal_dma.o
 *fill*         0x0800592e        0x2 
 .text.DMA_CalcBaseAndBitshift
                0x08005930       0x78 ./Drivers/STM32F3xx_HAL_Driver/Src/stm32f3xx_hal_dma.o
 .text.HAL_GPIO_Init
                0x080059a8      0x2f4 ./Drivers/STM32F3xx_HAL_Driver/Src/stm32f3xx_hal_gpio.o
                0x080059a8                HAL_GPIO_Init
 .text.HAL_GPIO_WritePin
                0x08005c9c       0x30 ./Drivers/STM32F3xx_HAL_Driver/Src/stm32f3xx_hal_gpio.o
                0x08005c9c                HAL_GPIO_WritePin
 .text.HAL_I2C_Init
                0x08005ccc      0x136 ./Drivers/STM32F3xx_HAL_Driver/Src/stm32f3xx_hal_i2c.o
                0x08005ccc                HAL_I2C_Init
 *fill*         0x08005e02        0x2 
 .text.HAL_I2C_Master_Transmit
                0x08005e04      0x230 ./Drivers/STM32F3xx_HAL_Driver/Src/stm32f3xx_hal_i2c.o
                0x08005e04                HAL_I2C_Master_Transmit
 .text.HAL_I2C_Master_Receive
                0x08006034      0x1ec ./Drivers/STM32F3xx_HAL_Driver/Src/stm32f3xx_hal_i2c.o
                0x08006034                HAL_I2C_Master_Receive
 .text.HAL_I2C_Mem_Write
                0x08006220      0x228 ./Drivers/STM32F3xx_HAL_Driver/Src/stm32f3xx_hal_i2c.o
                0x08006220                HAL_I2C_Mem_Write
 .text.HAL_I2C_Mem_Read
                0x08006448      0x234 ./Drivers/STM32F3xx_HAL_Driver/Src/stm32f3xx_hal_i2c.o
                0x08006448                HAL_I2C_Mem_Read
 .text.HAL_I2C_Mem_Write_DMA
                0x0800667c      0x1cc ./Drivers/STM32F3xx_HAL_Driver/Src/stm32f3xx_hal_i2c.o
                0x0800667c                HAL_I2C_Mem_Write_DMA
 .text.HAL_I2C_Mem_Read_DMA
                0x08006848      0x1cc ./Drivers/STM32F3xx_HAL_Driver/Src/stm32f3xx_hal_i2c.o
                0x08006848                HAL_I2C_Mem_Read_DMA
 .text.HAL_I2C_EV_IRQHandler
                0x08006a14       0x34 ./Drivers/STM32F3xx_HAL_Driver/Src/stm32f3xx_hal_i2c.o
                0x08006a14                HAL_I2C_EV_IRQHandler
 .text.HAL_I2C_ER_IRQHandler
                0x08006a48       0xc2 ./Drivers/STM32F3xx_HAL_Driver/Src/stm32f3xx_hal_i2c.o
                0x08006a48                HAL_I2C_ER_IRQHandler
 .text.HAL_I2C_MasterTxCpltCallback
                0x08006b0a       0x14 ./Drivers/STM32F3xx_HAL_Driver/Src/stm32f3xx_hal_i2c.o
                0x08006b0a                HAL_I2C_MasterTxCpltCallback
 .text.HAL_I2C_MasterRxCpltCallback
                0x08006b1e       0x14 ./Drivers/STM32F3xx_HAL_Driver/Src/stm32f3xx_hal_i2c.o
                0x08006b1e                HAL_I2C_MasterRxCpltCallback
 .text.HAL_I2C_SlaveTxCpltCallback
                0x08006b32       0x14 ./Drivers/STM32F3xx_HAL_Driver/Src/stm32f3xx_hal_i2c.o
                0x08006b32                HAL_I2C_SlaveTxCpltCallback
 .text.HAL_I2C_SlaveRxCpltCallback
                0x08006b46       0x14 ./Drivers/STM32F3xx_HAL_Driver/Src/stm32f3xx_hal_i2c.o
                0x08006b46                HAL_I2C_SlaveRxCpltCallback
 .text.HAL_I2C_AddrCallback
                0x08006b5a       0x1c ./Drivers/STM32F3xx_HAL_Driver/Src/stm32f3xx_hal_i2c.o
                0x08006b5a                HAL_I2C_AddrCallback
 .text.HAL_I2C_ListenCpltCallback
                0x08006b76       0x14 ./Drivers/STM32F3xx_HAL_Driver/Src/stm32f3xx_hal_i2c.o
                0x08006b76                HAL_I2C_ListenCpltCallback
 .text.HAL_I2C_AbortCpltCallback
                0x08006b8a       0x14 ./Drivers/STM32F3xx_HAL_Driver/Src/stm32f3xx_hal_i2c.o
                0x08006b8a                HAL_I2C_AbortCpltCallback
 .text.I2C_Slave_ISR_IT
                0x08006b9e      0x208 ./Drivers/STM32F3xx_HAL_Driver/Src/stm32f3xx_hal_i2c.o
 .text.I2C_Master_ISR_DMA
                0x08006da6      0x204 ./Drivers/STM32F3xx_HAL_Driver/Src/stm32f3xx_hal_i2c.o
 *fill*         0x08006faa        0x2 
 .text.I2C_Mem_ISR_DMA
                0x08006fac      0x29c ./Drivers/STM32F3xx_HAL_Driver/Src/stm32f3xx_hal_i2c.o
 .text.I2C_Slave_ISR_DMA
                0x08007248      0x1c2 ./Drivers/STM32F3xx_HAL_Driver/Src/stm32f3xx_hal_i2c.o
 *fill*         0x0800740a        0x2 
 .text.I2C_RequestMemoryWrite
                0x0800740c       0xa8 ./Drivers/STM32F3xx_HAL_Driver/Src/stm32f3xx_hal_i2c.o
 .text.I2C_RequestMemoryRead
                0x080074b4       0xa8 ./Drivers/STM32F3xx_HAL_Driver/Src/stm32f3xx_hal_i2c.o
 .text.I2C_ITAddrCplt
                0x0800755c      0x108 ./Drivers/STM32F3xx_HAL_Driver/Src/stm32f3xx_hal_i2c.o
 .text.I2C_ITMasterSeqCplt
                0x08007664       0x7a ./Drivers/STM32F3xx_HAL_Driver/Src/stm32f3xx_hal_i2c.o
 .text.I2C_ITSlaveSeqCplt
                0x080076de       0xbc ./Drivers/STM32F3xx_HAL_Driver/Src/stm32f3xx_hal_i2c.o
 *fill*         0x0800779a        0x2 
 .text.I2C_ITMasterCplt
                0x0800779c      0x194 ./Drivers/STM32F3xx_HAL_Driver/Src/stm32f3xx_hal_i2c.o
 .text.I2C_ITSlaveCplt
                0x08007930      0x2d4 ./Drivers/STM32F3xx_HAL_Driver/Src/stm32f3xx_hal_i2c.o
 .text.I2C_ITListenCplt
                0x08007c04       0xac ./Drivers/STM32F3xx_HAL_Driver/Src/stm32f3xx_hal_i2c.o
 .text.I2C_ITError
                0x08007cb0      0x1e0 ./Drivers/STM32F3xx_HAL_Driver/Src/stm32f3xx_hal_i2c.o
 .text.I2C_TreatErrorCallback
                0x08007e90       0x4e ./Drivers/STM32F3xx_HAL_Driver/Src/stm32f3xx_hal_i2c.o
 .text.I2C_Flush_TXDR
                0x08007ede       0x48 ./Drivers/STM32F3xx_HAL_Driver/Src/stm32f3xx_hal_i2c.o
 .text.I2C_DMAMasterTransmitCplt
                0x08007f26       0x96 ./Drivers/STM32F3xx_HAL_Driver/Src/stm32f3xx_hal_i2c.o
 .text.I2C_DMAMasterReceiveCplt
                0x08007fbc       0xb2 ./Drivers/STM32F3xx_HAL_Driver/Src/stm32f3xx_hal_i2c.o
 .text.I2C_DMAError
                0x0800806e       0x2e ./Drivers/STM32F3xx_HAL_Driver/Src/stm32f3xx_hal_i2c.o
 .text.I2C_DMAAbort
                0x0800809c       0x3c ./Drivers/STM32F3xx_HAL_Driver/Src/stm32f3xx_hal_i2c.o
 .text.I2C_WaitOnFlagUntilTimeout
                0x080080d8       0xb2 ./Drivers/STM32F3xx_HAL_Driver/Src/stm32f3xx_hal_i2c.o
 .text.I2C_WaitOnTXISFlagUntilTimeout
                0x0800818a       0x8e ./Drivers/STM32F3xx_HAL_Driver/Src/stm32f3xx_hal_i2c.o
 .text.I2C_WaitOnSTOPFlagUntilTimeout
                0x08008218       0x86 ./Drivers/STM32F3xx_HAL_Driver/Src/stm32f3xx_hal_i2c.o
 *fill*         0x0800829e        0x2 
 .text.I2C_WaitOnRXNEFlagUntilTimeout
                0x080082a0      0x118 ./Drivers/STM32F3xx_HAL_Driver/Src/stm32f3xx_hal_i2c.o
 .text.I2C_IsErrorOccurred
                0x080083b8      0x1c0 ./Drivers/STM32F3xx_HAL_Driver/Src/stm32f3xx_hal_i2c.o
 .text.I2C_TransferConfig
                0x08008578       0x64 ./Drivers/STM32F3xx_HAL_Driver/Src/stm32f3xx_hal_i2c.o
 .text.I2C_Enable_IRQ
                0x080085dc      0x108 ./Drivers/STM32F3xx_HAL_Driver/Src/stm32f3xx_hal_i2c.o
 .text.I2C_Disable_IRQ
                0x080086e4       0xbc ./Drivers/STM32F3xx_HAL_Driver/Src/stm32f3xx_hal_i2c.o
 .text.HAL_I2CEx_ConfigAnalogFilter
                0x080087a0       0x96 ./Drivers/STM32F3xx_HAL_Driver/Src/stm32f3xx_hal_i2c_ex.o
                0x080087a0                HAL_I2CEx_ConfigAnalogFilter
 .text.HAL_I2CEx_ConfigDigitalFilter
                0x08008836       0x98 ./Drivers/STM32F3xx_HAL_Driver/Src/stm32f3xx_hal_i2c_ex.o
                0x08008836                HAL_I2CEx_ConfigDigitalFilter
 *fill*         0x080088ce        0x2 
 .text.HAL_RCC_OscConfig
                0x080088d0     0x101c ./Drivers/STM32F3xx_HAL_Driver/Src/stm32f3xx_hal_rcc.o
                0x080088d0                HAL_RCC_OscConfig
 .text.HAL_RCC_ClockConfig
                0x080098ec      0x2dc ./Drivers/STM32F3xx_HAL_Driver/Src/stm32f3xx_hal_rcc.o
                0x080098ec                HAL_RCC_ClockConfig
 .text.HAL_RCC_GetSysClockFreq
                0x08009bc8       0xa8 ./Drivers/STM32F3xx_HAL_Driver/Src/stm32f3xx_hal_rcc.o
                0x08009bc8                HAL_RCC_GetSysClockFreq
 .text.HAL_RCC_GetHCLKFreq
                0x08009c70       0x18 ./Drivers/STM32F3xx_HAL_Driver/Src/stm32f3xx_hal_rcc.o
                0x08009c70                HAL_RCC_GetHCLKFreq
 .text.HAL_RCC_GetPCLK1Freq
                0x08009c88       0x44 ./Drivers/STM32F3xx_HAL_Driver/Src/stm32f3xx_hal_rcc.o
                0x08009c88                HAL_RCC_GetPCLK1Freq
 .text.HAL_RCC_GetPCLK2Freq
                0x08009ccc       0x44 ./Drivers/STM32F3xx_HAL_Driver/Src/stm32f3xx_hal_rcc.o
                0x08009ccc                HAL_RCC_GetPCLK2Freq
 .text.HAL_RCCEx_PeriphCLKConfig
                0x08009d10      0x35c ./Drivers/STM32F3xx_HAL_Driver/Src/stm32f3xx_hal_rcc_ex.o
                0x08009d10                HAL_RCCEx_PeriphCLKConfig
 .text.HAL_SPI_Init
                0x0800a06c      0x156 ./Drivers/STM32F3xx_HAL_Driver/Src/stm32f3xx_hal_spi.o
                0x0800a06c                HAL_SPI_Init
 .text.HAL_SPI_Transmit
                0x0800a1c2      0x2ea ./Drivers/STM32F3xx_HAL_Driver/Src/stm32f3xx_hal_spi.o
                0x0800a1c2                HAL_SPI_Transmit
 .text.HAL_SPI_Receive
                0x0800a4ac      0x26e ./Drivers/STM32F3xx_HAL_Driver/Src/stm32f3xx_hal_spi.o
                0x0800a4ac                HAL_SPI_Receive
 .text.HAL_SPI_TransmitReceive
                0x0800a71a      0x444 ./Drivers/STM32F3xx_HAL_Driver/Src/stm32f3xx_hal_spi.o
                0x0800a71a                HAL_SPI_TransmitReceive
 *fill*         0x0800ab5e        0x2 
 .text.HAL_SPI_Transmit_IT
                0x0800ab60      0x118 ./Drivers/STM32F3xx_HAL_Driver/Src/stm32f3xx_hal_spi.o
                0x0800ab60                HAL_SPI_Transmit_IT
 .text.HAL_SPI_Receive_IT
                0x0800ac78      0x15c ./Drivers/STM32F3xx_HAL_Driver/Src/stm32f3xx_hal_spi.o
                0x0800ac78                HAL_SPI_Receive_IT
 .text.HAL_SPI_TransmitReceive_IT
                0x0800add4      0x15c ./Drivers/STM32F3xx_HAL_Driver/Src/stm32f3xx_hal_spi.o
                0x0800add4                HAL_SPI_TransmitReceive_IT
 .text.HAL_SPI_IRQHandler
                0x0800af30      0x200 ./Drivers/STM32F3xx_HAL_Driver/Src/stm32f3xx_hal_spi.o
                0x0800af30                HAL_SPI_IRQHandler
 .text.SPI_DMAAbortOnError
                0x0800b130       0x2a ./Drivers/STM32F3xx_HAL_Driver/Src/stm32f3xx_hal_spi.o
 .text.SPI_2linesRxISR_8BIT
                0x0800b15a       0xbe ./Drivers/STM32F3xx_HAL_Driver/Src/stm32f3xx_hal_spi.o
 .text.SPI_2linesTxISR_8BIT
                0x0800b218       0x92 ./Drivers/STM32F3xx_HAL_Driver/Src/stm32f3xx_hal_spi.o
 .text.SPI_2linesRxISR_16BIT
                0x0800b2aa       0x66 ./Drivers/STM32F3xx_HAL_Driver/Src/stm32f3xx_hal_spi.o
 .text.SPI_2linesTxISR_16BIT
                0x0800b310       0x60 ./Drivers/STM32F3xx_HAL_Driver/Src/stm32f3xx_hal_spi.o
 .text.SPI_RxISR_8BIT
                0x0800b370       0x50 ./Drivers/STM32F3xx_HAL_Driver/Src/stm32f3xx_hal_spi.o
 .text.SPI_RxISR_16BIT
                0x0800b3c0       0x4c ./Drivers/STM32F3xx_HAL_Driver/Src/stm32f3xx_hal_spi.o
 .text.SPI_TxISR_8BIT
                0x0800b40c       0x46 ./Drivers/STM32F3xx_HAL_Driver/Src/stm32f3xx_hal_spi.o
 .text.SPI_TxISR_16BIT
                0x0800b452       0x44 ./Drivers/STM32F3xx_HAL_Driver/Src/stm32f3xx_hal_spi.o
 *fill*         0x0800b496        0x2 
 .text.SPI_WaitFlagStateUntilTimeout
                0x0800b498      0x110 ./Drivers/STM32F3xx_HAL_Driver/Src/stm32f3xx_hal_spi.o
 .text.SPI_WaitFifoStateUntilTimeout
                0x0800b5a8      0x12c ./Drivers/STM32F3xx_HAL_Driver/Src/stm32f3xx_hal_spi.o
 .text.SPI_EndRxTransaction
                0x0800b6d4       0xb0 ./Drivers/STM32F3xx_HAL_Driver/Src/stm32f3xx_hal_spi.o
 .text.SPI_EndRxTxTransaction
                0x0800b784       0x8c ./Drivers/STM32F3xx_HAL_Driver/Src/stm32f3xx_hal_spi.o
 .text.SPI_CloseRxTx_ISR
                0x0800b810       0x84 ./Drivers/STM32F3xx_HAL_Driver/Src/stm32f3xx_hal_spi.o
 .text.SPI_CloseRx_ISR
                0x0800b894       0x60 ./Drivers/STM32F3xx_HAL_Driver/Src/stm32f3xx_hal_spi.o
 .text.SPI_CloseTx_ISR
                0x0800b8f4       0x7e ./Drivers/STM32F3xx_HAL_Driver/Src/stm32f3xx_hal_spi.o
 .text.HAL_TIM_Base_Init
                0x0800b972       0xae ./Drivers/STM32F3xx_HAL_Driver/Src/stm32f3xx_hal_tim.o
                0x0800b972                HAL_TIM_Base_Init
 .text.HAL_TIM_Base_Start
                0x0800ba20       0xc4 ./Drivers/STM32F3xx_HAL_Driver/Src/stm32f3xx_hal_tim.o
                0x0800ba20                HAL_TIM_Base_Start
 .text.HAL_TIM_PWM_Init
                0x0800bae4       0xae ./Drivers/STM32F3xx_HAL_Driver/Src/stm32f3xx_hal_tim.o
                0x0800bae4                HAL_TIM_PWM_Init
 .text.HAL_TIM_PWM_MspInit
                0x0800bb92       0x14 ./Drivers/STM32F3xx_HAL_Driver/Src/stm32f3xx_hal_tim.o
                0x0800bb92                HAL_TIM_PWM_MspInit
 *fill*         0x0800bba6        0x2 
 .text.HAL_TIM_PWM_Start
                0x0800bba8      0x200 ./Drivers/STM32F3xx_HAL_Driver/Src/stm32f3xx_hal_tim.o
                0x0800bba8                HAL_TIM_PWM_Start
 .text.HAL_TIM_PWM_ConfigChannel
                0x0800bda8      0x228 ./Drivers/STM32F3xx_HAL_Driver/Src/stm32f3xx_hal_tim.o
                0x0800bda8                HAL_TIM_PWM_ConfigChannel
 .text.HAL_TIM_ConfigClockSource
                0x0800bfd0      0x192 ./Drivers/STM32F3xx_HAL_Driver/Src/stm32f3xx_hal_tim.o
                0x0800bfd0                HAL_TIM_ConfigClockSource
 *fill*         0x0800c162        0x2 
 .text.TIM_Base_SetConfig
                0x0800c164      0x138 ./Drivers/STM32F3xx_HAL_Driver/Src/stm32f3xx_hal_tim.o
                0x0800c164                TIM_Base_SetConfig
 .text.TIM_OC1_SetConfig
                0x0800c29c      0x120 ./Drivers/STM32F3xx_HAL_Driver/Src/stm32f3xx_hal_tim.o
 .text.TIM_OC2_SetConfig
                0x0800c3bc      0x114 ./Drivers/STM32F3xx_HAL_Driver/Src/stm32f3xx_hal_tim.o
                0x0800c3bc                TIM_OC2_SetConfig
 .text.TIM_OC3_SetConfig
                0x0800c4d0      0x110 ./Drivers/STM32F3xx_HAL_Driver/Src/stm32f3xx_hal_tim.o
 .text.TIM_OC4_SetConfig
                0x0800c5e0       0xd4 ./Drivers/STM32F3xx_HAL_Driver/Src/stm32f3xx_hal_tim.o
 .text.TIM_OC5_SetConfig
                0x0800c6b4       0xc8 ./Drivers/STM32F3xx_HAL_Driver/Src/stm32f3xx_hal_tim.o
 .text.TIM_OC6_SetConfig
                0x0800c77c       0xcc ./Drivers/STM32F3xx_HAL_Driver/Src/stm32f3xx_hal_tim.o
 .text.TIM_TI1_ConfigInputStage
                0x0800c848       0x5e ./Drivers/STM32F3xx_HAL_Driver/Src/stm32f3xx_hal_tim.o
 .text.TIM_TI2_ConfigInputStage
                0x0800c8a6       0x60 ./Drivers/STM32F3xx_HAL_Driver/Src/stm32f3xx_hal_tim.o
 .text.TIM_ITRx_SetConfig
                0x0800c906       0x36 ./Drivers/STM32F3xx_HAL_Driver/Src/stm32f3xx_hal_tim.o
 .text.TIM_ETR_SetConfig
                0x0800c93c       0x40 ./Drivers/STM32F3xx_HAL_Driver/Src/stm32f3xx_hal_tim.o
                0x0800c93c                TIM_ETR_SetConfig
 .text.TIM_CCxChannelCmd
                0x0800c97c       0x4a ./Drivers/STM32F3xx_HAL_Driver/Src/stm32f3xx_hal_tim.o
                0x0800c97c                TIM_CCxChannelCmd
 *fill*         0x0800c9c6        0x2 
 .text.HAL_TIMEx_MasterConfigSynchronization
                0x0800c9c8      0x100 ./Drivers/STM32F3xx_HAL_Driver/Src/stm32f3xx_hal_tim_ex.o
                0x0800c9c8                HAL_TIMEx_MasterConfigSynchronization
 .text.HAL_TIMEx_ConfigBreakDeadTime
                0x0800cac8       0xfc ./Drivers/STM32F3xx_HAL_Driver/Src/stm32f3xx_hal_tim_ex.o
                0x0800cac8                HAL_TIMEx_ConfigBreakDeadTime
 .text.HAL_UART_Init
                0x0800cbc4       0x9c ./Drivers/STM32F3xx_HAL_Driver/Src/stm32f3xx_hal_uart.o
                0x0800cbc4                HAL_UART_Init
 .text.HAL_UART_Transmit_DMA
                0x0800cc60       0xf8 ./Drivers/STM32F3xx_HAL_Driver/Src/stm32f3xx_hal_uart.o
                0x0800cc60                HAL_UART_Transmit_DMA
 .text.HAL_UART_IRQHandler
                0x0800cd58      0x5cc ./Drivers/STM32F3xx_HAL_Driver/Src/stm32f3xx_hal_uart.o
                0x0800cd58                HAL_UART_IRQHandler
 .text.HAL_UART_TxHalfCpltCallback
                0x0800d324       0x14 ./Drivers/STM32F3xx_HAL_Driver/Src/stm32f3xx_hal_uart.o
                0x0800d324                HAL_UART_TxHalfCpltCallback
 .text.HAL_UART_ErrorCallback
                0x0800d338       0x14 ./Drivers/STM32F3xx_HAL_Driver/Src/stm32f3xx_hal_uart.o
                0x0800d338                HAL_UART_ErrorCallback
 .text.HAL_UARTEx_RxEventCallback
                0x0800d34c       0x18 ./Drivers/STM32F3xx_HAL_Driver/Src/stm32f3xx_hal_uart.o
                0x0800d34c                HAL_UARTEx_RxEventCallback
 .text.UART_SetConfig
                0x0800d364      0x3a8 ./Drivers/STM32F3xx_HAL_Driver/Src/stm32f3xx_hal_uart.o
                0x0800d364                UART_SetConfig
 .text.UART_AdvFeatureConfig
                0x0800d70c      0x144 ./Drivers/STM32F3xx_HAL_Driver/Src/stm32f3xx_hal_uart.o
                0x0800d70c                UART_AdvFeatureConfig
 .text.UART_CheckIdleState
                0x0800d850      0x150 ./Drivers/STM32F3xx_HAL_Driver/Src/stm32f3xx_hal_uart.o
                0x0800d850                UART_CheckIdleState
 .text.UART_WaitOnFlagUntilTimeout
                0x0800d9a0       0xda ./Drivers/STM32F3xx_HAL_Driver/Src/stm32f3xx_hal_uart.o
                0x0800d9a0                UART_WaitOnFlagUntilTimeout
 .text.UART_EndTxTransfer
                0x0800da7a       0x4c ./Drivers/STM32F3xx_HAL_Driver/Src/stm32f3xx_hal_uart.o
 .text.UART_EndRxTransfer
                0x0800dac6       0xc8 ./Drivers/STM32F3xx_HAL_Driver/Src/stm32f3xx_hal_uart.o
 .text.UART_DMATransmitCplt
                0x0800db8e       0x94 ./Drivers/STM32F3xx_HAL_Driver/Src/stm32f3xx_hal_uart.o
 .text.UART_DMATxHalfCplt
                0x0800dc22       0x1c ./Drivers/STM32F3xx_HAL_Driver/Src/stm32f3xx_hal_uart.o
 .text.UART_DMAError
                0x0800dc3e       0x7e ./Drivers/STM32F3xx_HAL_Driver/Src/stm32f3xx_hal_uart.o
 .text.UART_DMAAbortOnError
                0x0800dcbc       0x2c ./Drivers/STM32F3xx_HAL_Driver/Src/stm32f3xx_hal_uart.o
 .text.UART_EndTransmit_IT
                0x0800dce8       0x54 ./Drivers/STM32F3xx_HAL_Driver/Src/stm32f3xx_hal_uart.o
 .text.HAL_UARTEx_WakeupCallback
                0x0800dd3c       0x14 ./Drivers/STM32F3xx_HAL_Driver/Src/stm32f3xx_hal_uart_ex.o
                0x0800dd3c                HAL_UARTEx_WakeupCallback
 .text.sprintf  0x0800dd50       0x44 D:/ST/STM32CubeIDE_1.18.0/STM32CubeIDE/plugins/com.st.stm32cube.ide.mcu.externaltools.gnu-tools-for-stm32.14.3.rel1.win32_1.0.100.202602081740/tools/bin/../lib/gcc/arm-none-eabi/14.3.1/../../../../arm-none-eabi/lib/thumb/v7e-m+fp/hard\libc_nano.a(libc_a-sprintf.o)
                0x0800dd50                siprintf
                0x0800dd50                sprintf
 .text.memset   0x0800dd94       0x10 D:/ST/STM32CubeIDE_1.18.0/STM32CubeIDE/plugins/com.st.stm32cube.ide.mcu.externaltools.gnu-tools-for-stm32.14.3.rel1.win32_1.0.100.202602081740/tools/bin/../lib/gcc/arm-none-eabi/14.3.1/../../../../arm-none-eabi/lib/thumb/v7e-m+fp/hard\libc_nano.a(libc_a-memset.o)
                0x0800dd94                memset
 .text.__errno  0x0800dda4        0xc D:/ST/STM32CubeIDE_1.18.0/STM32CubeIDE/plugins/com.st.stm32cube.ide.mcu.externaltools.gnu-tools-for-stm32.14.3.rel1.win32_1.0.100.202602081740/tools/bin/../lib/gcc/arm-none-eabi/14.3.1/../../../../arm-none-eabi/lib/thumb/v7e-m+fp/hard\libc_nano.a(libc_a-errno.o)
                0x0800dda4                __errno
 .text.__libc_init_array
                0x0800ddb0       0x48 D:/ST/STM32CubeIDE_1.18.0/STM32CubeIDE/plugins/com.st.stm32cube.ide.mcu.externaltools.gnu-tools-for-stm32.14.3.rel1.win32_1.0.100.202602081740/tools/bin/../lib/gcc/arm-none-eabi/14.3.1/../../../../arm-none-eabi/lib/thumb/v7e-m+fp/hard\libc_nano.a(libc_a-init.o)
                0x0800ddb0                __libc_init_array
 .text.__retarget_lock_acquire_recursive
                0x0800ddf8        0x2 D:/ST/STM32CubeIDE_1.18.0/STM32CubeIDE/plugins/com.st.stm32cube.ide.mcu.externaltools.gnu-tools-for-stm32.14.3.rel1.win32_1.0.100.202602081740/tools/bin/../lib/gcc/arm-none-eabi/14.3.1/../../../../arm-none-eabi/lib/thumb/v7e-m+fp/hard\libc_nano.a(libc_a-lock.o)
                0x0800ddf8                __retarget_lock_acquire_recursive
 .text.__retarget_lock_release_recursive
                0x0800ddfa        0x2 D:/ST/STM32CubeIDE_1.18.0/STM32CubeIDE/plugins/com.st.stm32cube.ide.mcu.externaltools.gnu-tools-for-stm32.14.3.rel1.win32_1.0.100.202602081740/tools/bin/../lib/gcc/arm-none-eabi/14.3.1/../../../../arm-none-eabi/lib/thumb/v7e-m+fp/hard\libc_nano.a(libc_a-lock.o)
                0x0800ddfa                __retarget_lock_release_recursive
 .text.memcpy   0x0800ddfc       0x1c D:/ST/STM32CubeIDE_1.18.0/STM32CubeIDE/plugins/com.st.stm32cube.ide.mcu.externaltools.gnu-tools-for-stm32.14.3.rel1.win32_1.0.100.202602081740/tools/bin/../lib/gcc/arm-none-eabi/14.3.1/../../../../arm-none-eabi/lib/thumb/v7e-m+fp/hard\libc_nano.a(libc_a-memcpy-stub.o)
                0x0800ddfc                memcpy
 .text._free_r  0x0800de18       0x94 D:/ST/STM32CubeIDE_1.18.0/STM32CubeIDE/plugins/com.st.stm32cube.ide.mcu.externaltools.gnu-tools-for-stm32.14.3.rel1.win32_1.0.100.202602081740/tools/bin/../lib/gcc/arm-none-eabi/14.3.1/../../../../arm-none-eabi/lib/thumb/v7e-m+fp/hard\libc_nano.a(libc_a-freer.o)
                0x0800de18                _free_r
 .text.sbrk_aligned
                0x0800deac       0x44 D:/ST/STM32CubeIDE_1.18.0/STM32CubeIDE/plugins/com.st.stm32cube.ide.mcu.externaltools.gnu-tools-for-stm32.14.3.rel1.win32_1.0.100.202602081740/tools/bin/../lib/gcc/arm-none-eabi/14.3.1/../../../../arm-none-eabi/lib/thumb/v7e-m+fp/hard\libc_nano.a(libc_a-mallocr.o)
 .text._malloc_r
                0x0800def0      0x100 D:/ST/STM32CubeIDE_1.18.0/STM32CubeIDE/plugins/com.st.stm32cube.ide.mcu.externaltools.gnu-tools-for-stm32.14.3.rel1.win32_1.0.100.202602081740/tools/bin/../lib/gcc/arm-none-eabi/14.3.1/../../../../arm-none-eabi/lib/thumb/v7e-m+fp/hard\libc_nano.a(libc_a-mallocr.o)
                0x0800def0                _malloc_r
 .text.__malloc_lock
                0x0800dff0        0xc D:/ST/STM32CubeIDE_1.18.0/STM32CubeIDE/plugins/com.st.stm32cube.ide.mcu.externaltools.gnu-tools-for-stm32.14.3.rel1.win32_1.0.100.202602081740/tools/bin/../lib/gcc/arm-none-eabi/14.3.1/../../../../arm-none-eabi/lib/thumb/v7e-m+fp/hard\libc_nano.a(libc_a-mlock.o)
                0x0800dff0                __malloc_lock
 .text.__malloc_unlock
                0x0800dffc        0xc D:/ST/STM32CubeIDE_1.18.0/STM32CubeIDE/plugins/com.st.stm32cube.ide.mcu.externaltools.gnu-tools-for-stm32.14.3.rel1.win32_1.0.100.202602081740/tools/bin/../lib/gcc/arm-none-eabi/14.3.1/../../../../arm-none-eabi/lib/thumb/v7e-m+fp/hard\libc_nano.a(libc_a-mlock.o)
                0x0800dffc                __malloc_unlock
 .text.__ssputs_r
                0x0800e008       0xc0 D:/ST/STM32CubeIDE_1.18.0/STM32CubeIDE/plugins/com.st.stm32cube.ide.mcu.externaltools.gnu-tools-for-stm32.14.3.rel1.win32_1.0.100.202602081740/tools/bin/../lib/gcc/arm-none-eabi/14.3.1/../../../../arm-none-eabi/lib/thumb/v7e-m+fp/hard\libc_nano.a(libc_a-nano-svfprintf.o)
                0x0800e008                __ssputs_r
 .text._svfprintf_r
                0x0800e0c8      0x1f0 D:/ST/STM32CubeIDE_1.18.0/STM32CubeIDE/plugins/com.st.stm32cube.ide.mcu.externaltools.gnu-tools-for-stm32.14.3.rel1.win32_1.0.100.202602081740/tools/bin/../lib/gcc/arm-none-eabi/14.3.1/../../../../arm-none-eabi/lib/thumb/v7e-m+fp/hard\libc_nano.a(libc_a-nano-svfprintf.o)
                0x0800e0c8                _svfiprintf_r
                0x0800e0c8                _svfprintf_r
 .text._printf_common
                0x0800e2b8       0xda D:/ST/STM32CubeIDE_1.18.0/STM32CubeIDE/plugins/com.st.stm32cube.ide.mcu.externaltools.gnu-tools-for-stm32.14.3.rel1.win32_1.0.100.202602081740/tools/bin/../lib/gcc/arm-none-eabi/14.3.1/../../../../arm-none-eabi/lib/thumb/v7e-m+fp/hard\libc_nano.a(libc_a-nano-vfprintf_i.o)
                0x0800e2b8                _printf_common
 *fill*         0x0800e392        0x2 
 .text._printf_i
                0x0800e394      0x24c D:/ST/STM32CubeIDE_1.18.0/STM32CubeIDE/plugins/com.st.stm32cube.ide.mcu.externaltools.gnu-tools-for-stm32.14.3.rel1.win32_1.0.100.202602081740/tools/bin/../lib/gcc/arm-none-eabi/14.3.1/../../../../arm-none-eabi/lib/thumb/v7e-m+fp/hard\libc_nano.a(libc_a-nano-vfprintf_i.o)
                0x0800e394                _printf_i
 .text.memmove  0x0800e5e0       0x32 D:/ST/STM32CubeIDE_1.18.0/STM32CubeIDE/plugins/com.st.stm32cube.ide.mcu.externaltools.gnu-tools-for-stm32.14.3.rel1.win32_1.0.100.202602081740/tools/bin/../lib/gcc/arm-none-eabi/14.3.1/../../../../arm-none-eabi/lib/thumb/v7e-m+fp/hard\libc_nano.a(libc_a-memmove.o)
                0x0800e5e0                memmove
 *fill*         0x0800e612        0x2 
 .text._sbrk_r  0x0800e614       0x20 D:/ST/STM32CubeIDE_1.18.0/STM32CubeIDE/plugins/com.st.stm32cube.ide.mcu.externaltools.gnu-tools-for-stm32.14.3.rel1.win32_1.0.100.202602081740/tools/bin/../lib/gcc/arm-none-eabi/14.3.1/../../../../arm-none-eabi/lib/thumb/v7e-m+fp/hard\libc_nano.a(libc_a-sbrkr.o)
                0x0800e614                _sbrk_r
 .text._realloc_r
                0x0800e634       0x5c D:/ST/STM32CubeIDE_1.18.0/STM32CubeIDE/plugins/com.st.stm32cube.ide.mcu.externaltools.gnu-tools-for-stm32.14.3.rel1.win32_1.0.100.202602081740/tools/bin/../lib/gcc/arm-none-eabi/14.3.1/../../../../arm-none-eabi/lib/thumb/v7e-m+fp/hard\libc_nano.a(libc_a-reallocr.o)
                0x0800e634                _realloc_r
 .text._malloc_usable_size_r
                0x0800e690       0x10 D:/ST/STM32CubeIDE_1.18.0/STM32CubeIDE/plugins/com.st.stm32cube.ide.mcu.externaltools.gnu-tools-for-stm32.14.3.rel1.win32_1.0.100.202602081740/tools/bin/../lib/gcc/arm-none-eabi/14.3.1/../../../../arm-none-eabi/lib/thumb/v7e-m+fp/hard\libc_nano.a(libc_a-msizer.o)
                0x0800e690                _malloc_usable_size_r
 .text.asinf    0x0800e6a0       0x58 D:/ST/STM32CubeIDE_1.18.0/STM32CubeIDE/plugins/com.st.stm32cube.ide.mcu.externaltools.gnu-tools-for-stm32.14.3.rel1.win32_1.0.100.202602081740/tools/bin/../lib/gcc/arm-none-eabi/14.3.1/../../../../arm-none-eabi/lib/thumb/v7e-m+fp/hard\libm.a(libm_a-wf_asin.o)
                0x0800e6a0                asinf
 .text.atan2f   0x0800e6f8        0x4 D:/ST/STM32CubeIDE_1.18.0/STM32CubeIDE/plugins/com.st.stm32cube.ide.mcu.externaltools.gnu-tools-for-stm32.14.3.rel1.win32_1.0.100.202602081740/tools/bin/../lib/gcc/arm-none-eabi/14.3.1/../../../../arm-none-eabi/lib/thumb/v7e-m+fp/hard\libm.a(libm_a-wf_atan2.o)
                0x0800e6f8                atan2f
 .text.sqrtf    0x0800e6fc       0x44 D:/ST/STM32CubeIDE_1.18.0/STM32CubeIDE/plugins/com.st.stm32cube.ide.mcu.externaltools.gnu-tools-for-stm32.14.3.rel1.win32_1.0.100.202602081740/tools/bin/../lib/gcc/arm-none-eabi/14.3.1/../../../../arm-none-eabi/lib/thumb/v7e-m+fp/hard\libm.a(libm_a-wf_sqrt.o)
                0x0800e6fc                sqrtf
 .text.cosf     0x0800e740       0x70 D:/ST/STM32CubeIDE_1.18.0/STM32CubeIDE/plugins/com.st.stm32cube.ide.mcu.externaltools.gnu-tools-for-stm32.14.3.rel1.win32_1.0.100.202602081740/tools/bin/../lib/gcc/arm-none-eabi/14.3.1/../../../../arm-none-eabi/lib/thumb/v7e-m+fp/hard\libm.a(libm_a-sf_cos.o)
                0x0800e740                cosf
 .text.fabsf    0x0800e7b0       0x10 D:/ST/STM32CubeIDE_1.18.0/STM32CubeIDE/plugins/com.st.stm32cube.ide.mcu.externaltools.gnu-tools-for-stm32.14.3.rel1.win32_1.0.100.202602081740/tools/bin/../lib/gcc/arm-none-eabi/14.3.1/../../../../arm-none-eabi/lib/thumb/v7e-m+fp/hard\libm.a(libm_a-sf_fabs.o)
                0x0800e7b0                fabsf
 .text.sinf     0x0800e7c0       0x74 D:/ST/STM32CubeIDE_1.18.0/STM32CubeIDE/plugins/com.st.stm32cube.ide.mcu.externaltools.gnu-tools-for-stm32.14.3.rel1.win32_1.0.100.202602081740/tools/bin/../lib/gcc/arm-none-eabi/14.3.1/../../../../arm-none-eabi/lib/thumb/v7e-m+fp/hard\libm.a(libm_a-sf_sin.o)
                0x0800e7c0                sinf
 .text.nanf     0x0800e834        0xc D:/ST/STM32CubeIDE_1.18.0/STM32CubeIDE/plugins/com.st.stm32cube.ide.mcu.externaltools.gnu-tools-for-stm32.14.3.rel1.win32_1.0.100.202602081740/tools/bin/../lib/gcc/arm-none-eabi/14.3.1/../../../../arm-none-eabi/lib/thumb/v7e-m+fp/hard\libm.a(libm_a-sf_nan.o)
                0x0800e834                nanf
 .text.fmaxf    0x0800e840       0x50 D:/ST/STM32CubeIDE_1.18.0/STM32CubeIDE/plugins/com.st.stm32cube.ide.mcu.externaltools.gnu-tools-for-stm32.14.3.rel1.win32_1.0.100.202602081740/tools/bin/../lib/gcc/arm-none-eabi/14.3.1/../../../../arm-none-eabi/lib/thumb/v7e-m+fp/hard\libm.a(libm_a-sf_fmax.o)
                0x0800e840                fmaxf
 .text.fminf    0x0800e890       0x50 D:/ST/STM32CubeIDE_1.18.0/STM32CubeIDE/plugins/com.st.stm32cube.ide.mcu.externaltools.gnu-tools-for-stm32.14.3.rel1.win32_1.0.100.202602081740/tools/bin/../lib/gcc/arm-none-eabi/14.3.1/../../../../arm-none-eabi/lib/thumb/v7e-m+fp/hard\libm.a(libm_a-sf_fmin.o)
                0x0800e890                fminf
 .text.__fpclassifyf
                0x0800e8e0       0x38 D:/ST/STM32CubeIDE_1.18.0/STM32CubeIDE/plugins/com.st.stm32cube.ide.mcu.externaltools.gnu-tools-for-stm32.14.3.rel1.win32_1.0.100.202602081740/tools/bin/../lib/gcc/arm-none-eabi/14.3.1/../../../../arm-none-eabi/lib/thumb/v7e-m+fp/hard\libm.a(libm_a-sf_fpclassify.o)
                0x0800e8e0                __fpclassifyf
 .text.__ieee754_sqrtf
                0x0800e918        0x8 D:/ST/STM32CubeIDE_1.18.0/STM32CubeIDE/plugins/com.st.stm32cube.ide.mcu.externaltools.gnu-tools-for-stm32.14.3.rel1.win32_1.0.100.202602081740/tools/bin/../lib/gcc/arm-none-eabi/14.3.1/../../../../arm-none-eabi/lib/thumb/v7e-m+fp/hard\libm.a(libm_a-ef_sqrt.o)
                0x0800e918                __ieee754_sqrtf
 .text.__kernel_cosf
                0x0800e920      0x104 D:/ST/STM32CubeIDE_1.18.0/STM32CubeIDE/plugins/com.st.stm32cube.ide.mcu.externaltools.gnu-tools-for-stm32.14.3.rel1.win32_1.0.100.202602081740/tools/bin/../lib/gcc/arm-none-eabi/14.3.1/../../../../arm-none-eabi/lib/thumb/v7e-m+fp/hard\libm.a(libm_a-kf_cos.o)
                0x0800e920                __kernel_cosf
 .text.__kernel_sinf
                0x0800ea24       0x90 D:/ST/STM32CubeIDE_1.18.0/STM32CubeIDE/plugins/com.st.stm32cube.ide.mcu.externaltools.gnu-tools-for-stm32.14.3.rel1.win32_1.0.100.202602081740/tools/bin/../lib/gcc/arm-none-eabi/14.3.1/../../../../arm-none-eabi/lib/thumb/v7e-m+fp/hard\libm.a(libm_a-kf_sin.o)
                0x0800ea24                __kernel_sinf
 .text.__ieee754_asinf
                0x0800eab4      0x1f4 D:/ST/STM32CubeIDE_1.18.0/STM32CubeIDE/plugins/com.st.stm32cube.ide.mcu.externaltools.gnu-tools-for-stm32.14.3.rel1.win32_1.0.100.202602081740/tools/bin/../lib/gcc/arm-none-eabi/14.3.1/../../../../arm-none-eabi/lib/thumb/v7e-m+fp/hard\libm.a(libm_a-ef_asin.o)
                0x0800eab4                __ieee754_asinf
 .text.__ieee754_atan2f
                0x0800eca8      0x14c D:/ST/STM32CubeIDE_1.18.0/STM32CubeIDE/plugins/com.st.stm32cube.ide.mcu.externaltools.gnu-tools-for-stm32.14.3.rel1.win32_1.0.100.202602081740/tools/bin/../lib/gcc/arm-none-eabi/14.3.1/../../../../arm-none-eabi/lib/thumb/v7e-m+fp/hard\libm.a(libm_a-ef_atan2.o)
                0x0800eca8                __ieee754_atan2f
 .text.__ieee754_rem_pio2f
                0x0800edf4      0x26c D:/ST/STM32CubeIDE_1.18.0/STM32CubeIDE/plugins/com.st.stm32cube.ide.mcu.externaltools.gnu-tools-for-stm32.14.3.rel1.win32_1.0.100.202602081740/tools/bin/../lib/gcc/arm-none-eabi/14.3.1/../../../../arm-none-eabi/lib/thumb/v7e-m+fp/hard\libm.a(libm_a-ef_rem_pio2.o)
                0x0800edf4                __ieee754_rem_pio2f
 .text.atanf    0x0800f060      0x1a4 D:/ST/STM32CubeIDE_1.18.0/STM32CubeIDE/plugins/com.st.stm32cube.ide.mcu.externaltools.gnu-tools-for-stm32.14.3.rel1.win32_1.0.100.202602081740/tools/bin/../lib/gcc/arm-none-eabi/14.3.1/../../../../arm-none-eabi/lib/thumb/v7e-m+fp/hard\libm.a(libm_a-sf_atan.o)
                0x0800f060                atanf
 .text.__kernel_rem_pio2f
                0x0800f204      0x68c D:/ST/STM32CubeIDE_1.18.0/STM32CubeIDE/plugins/com.st.stm32cube.ide.mcu.externaltools.gnu-tools-for-stm32.14.3.rel1.win32_1.0.100.202602081740/tools/bin/../lib/gcc/arm-none-eabi/14.3.1/../../../../arm-none-eabi/lib/thumb/v7e-m+fp/hard\libm.a(libm_a-kf_rem_pio2.o)
                0x0800f204                __kernel_rem_pio2f
 .text.scalbnf  0x0800f890       0xdc D:/ST/STM32CubeIDE_1.18.0/STM32CubeIDE/plugins/com.st.stm32cube.ide.mcu.externaltools.gnu-tools-for-stm32.14.3.rel1.win32_1.0.100.202602081740/tools/bin/../lib/gcc/arm-none-eabi/14.3.1/../../../../arm-none-eabi/lib/thumb/v7e-m+fp/hard\libm.a(libm_a-sf_scalbn.o)
                0x0800f890                scalbnf
 .text.floorf   0x0800f96c       0x94 D:/ST/STM32CubeIDE_1.18.0/STM32CubeIDE/plugins/com.st.stm32cube.ide.mcu.externaltools.gnu-tools-for-stm32.14.3.rel1.win32_1.0.100.202602081740/tools/bin/../lib/gcc/arm-none-eabi/14.3.1/../../../../arm-none-eabi/lib/thumb/v7e-m+fp/hard\libm.a(libm_a-sf_floor.o)
                0x0800f96c                floorf
 *(.glue_7)
 .glue_7        0x0800fa00        0x0 linker stubs
 *(.glue_7t)
 .glue_7t       0x0800fa00        0x0 linker stubs
 *(.eh_frame)
 .eh_frame      0x0800fa00        0x0 D:/ST/STM32CubeIDE_1.18.0/STM32CubeIDE/plugins/com.st.stm32cube.ide.mcu.externaltools.gnu-tools-for-stm32.14.3.rel1.win32_1.0.100.202602081740/tools/bin/../lib/gcc/arm-none-eabi/14.3.1/thumb/v7e-m+fp/hard/crtbegin.o
 *(.init)
 .init          0x0800fa00        0x4 D:/ST/STM32CubeIDE_1.18.0/STM32CubeIDE/plugins/com.st.stm32cube.ide.mcu.externaltools.gnu-tools-for-stm32.14.3.rel1.win32_1.0.100.202602081740/tools/bin/../lib/gcc/arm-none-eabi/14.3.1/thumb/v7e-m+fp/hard/crti.o
                0x0800fa00                _init
 .init          0x0800fa04        0x8 D:/ST/STM32CubeIDE_1.18.0/STM32CubeIDE/plugins/com.st.stm32cube.ide.mcu.externaltools.gnu-tools-for-stm32.14.3.rel1.win32_1.0.100.202602081740/tools/bin/../lib/gcc/arm-none-eabi/14.3.1/thumb/v7e-m+fp/hard/crtn.o
 *(.fini)
 .fini          0x0800fa0c        0x4 D:/ST/STM32CubeIDE_1.18.0/STM32CubeIDE/plugins/com.st.stm32cube.ide.mcu.externaltools.gnu-tools-for-stm32.14.3.rel1.win32_1.0.100.202602081740/tools/bin/../lib/gcc/arm-none-eabi/14.3.1/thumb/v7e-m+fp/hard/crti.o
                0x0800fa0c                _fini
 .fini          0x0800fa10        0x8 D:/ST/STM32CubeIDE_1.18.0/STM32CubeIDE/plugins/com.st.stm32cube.ide.mcu.externaltools.gnu-tools-for-stm32.14.3.rel1.win32_1.0.100.202602081740/tools/bin/../lib/gcc/arm-none-eabi/14.3.1/thumb/v7e-m+fp/hard/crtn.o
                0x0800fa18                        . = ALIGN (0x4)
                0x0800fa18                        _etext = .

.vfp11_veneer   0x0800fa18        0x0
 .vfp11_veneer  0x0800fa18        0x0 linker stubs

.v4_bx          0x0800fa18        0x0
 .v4_bx         0x0800fa18        0x0 linker stubs

.iplt           0x0800fa18        0x0
 .iplt          0x0800fa18        0x0 D:/ST/STM32CubeIDE_1.18.0/STM32CubeIDE/plugins/com.st.stm32cube.ide.mcu.externaltools.gnu-tools-for-stm32.14.3.rel1.win32_1.0.100.202602081740/tools/bin/../lib/gcc/arm-none-eabi/14.3.1/thumb/v7e-m+fp/hard/crtbegin.o

.rodata         0x0800fa18      0x75c
                0x0800fa18                        . = ALIGN (0x4)
 *(.rodata)
 .rodata        0x0800fa18      0x1d7 ./Core/Src/IMU.o
 *fill*         0x0800fbef        0x1 
 .rodata        0x0800fbf0       0x20 ./Core/Src/MOTOR.o
 .rodata        0x0800fc10       0x46 ./Core/Src/Optic.o
 *fill*         0x0800fc56        0x2 
 .rodata        0x0800fc58       0x47 ./Core/Src/main.o
 *(.rodata*)
 *fill*         0x0800fc9f        0x1 
 .rodata.VL51L1X_DEFAULT_CONFIGURATION
                0x0800fca0       0x5b ./Core/Src/VL53L1X_api.o
                0x0800fca0                VL51L1X_DEFAULT_CONFIGURATION
 *fill*         0x0800fcfb        0x1 
 .rodata.AHBPrescTable
                0x0800fcfc       0x10 ./Core/Src/system_stm32f3xx.o
                0x0800fcfc                AHBPrescTable
 .rodata.APBPrescTable
                0x0800fd0c        0x8 ./Core/Src/system_stm32f3xx.o
                0x0800fd0c                APBPrescTable
 .rodata.aPLLMULFactorTable
                0x0800fd14       0x10 ./Drivers/STM32F3xx_HAL_Driver/Src/stm32f3xx_hal_rcc.o
 .rodata.aPredivFactorTable
                0x0800fd24       0x10 ./Drivers/STM32F3xx_HAL_Driver/Src/stm32f3xx_hal_rcc.o
 .rodata._svfprintf_r.str1.1
                0x0800fd34       0x33 D:/ST/STM32CubeIDE_1.18.0/STM32CubeIDE/plugins/com.st.stm32cube.ide.mcu.externaltools.gnu-tools-for-stm32.14.3.rel1.win32_1.0.100.202602081740/tools/bin/../lib/gcc/arm-none-eabi/14.3.1/../../../../arm-none-eabi/lib/thumb/v7e-m+fp/hard\libc_nano.a(libc_a-nano-svfprintf.o)
                                 0x11 (size before relaxing)
 .rodata._printf_i.str1.1
                0x0800fd67       0x22 D:/ST/STM32CubeIDE_1.18.0/STM32CubeIDE/plugins/com.st.stm32cube.ide.mcu.externaltools.gnu-tools-for-stm32.14.3.rel1.win32_1.0.100.202602081740/tools/bin/../lib/gcc/arm-none-eabi/14.3.1/../../../../arm-none-eabi/lib/thumb/v7e-m+fp/hard\libc_nano.a(libc_a-nano-vfprintf_i.o)
 *fill*         0x0800fd67        0x1 
 .rodata.asinf.str1.4
                0x0800fd68        0x1 D:/ST/STM32CubeIDE_1.18.0/STM32CubeIDE/plugins/com.st.stm32cube.ide.mcu.externaltools.gnu-tools-for-stm32.14.3.rel1.win32_1.0.100.202602081740/tools/bin/../lib/gcc/arm-none-eabi/14.3.1/../../../../arm-none-eabi/lib/thumb/v7e-m+fp/hard\libm.a(libm_a-wf_asin.o)
 *fill*         0x0800fd69        0x3 
 .rodata.CSWTCH.9
                0x0800fd6c        0xc D:/ST/STM32CubeIDE_1.18.0/STM32CubeIDE/plugins/com.st.stm32cube.ide.mcu.externaltools.gnu-tools-for-stm32.14.3.rel1.win32_1.0.100.202602081740/tools/bin/../lib/gcc/arm-none-eabi/14.3.1/../../../../arm-none-eabi/lib/thumb/v7e-m+fp/hard\libm.a(libm_a-ef_atan2.o)
 .rodata.CSWTCH.8
                0x0800fd78        0xc D:/ST/STM32CubeIDE_1.18.0/STM32CubeIDE/plugins/com.st.stm32cube.ide.mcu.externaltools.gnu-tools-for-stm32.14.3.rel1.win32_1.0.100.202602081740/tools/bin/../lib/gcc/arm-none-eabi/14.3.1/../../../../arm-none-eabi/lib/thumb/v7e-m+fp/hard\libm.a(libm_a-ef_atan2.o)
 .rodata.npio2_hw
                0x0800fd84       0x80 D:/ST/STM32CubeIDE_1.18.0/STM32CubeIDE/plugins/com.st.stm32cube.ide.mcu.externaltools.gnu-tools-for-stm32.14.3.rel1.win32_1.0.100.202602081740/tools/bin/../lib/gcc/arm-none-eabi/14.3.1/../../../../arm-none-eabi/lib/thumb/v7e-m+fp/hard\libm.a(libm_a-ef_rem_pio2.o)
 .rodata.two_over_pi
                0x0800fe04      0x318 D:/ST/STM32CubeIDE_1.18.0/STM32CubeIDE/plugins/com.st.stm32cube.ide.mcu.externaltools.gnu-tools-for-stm32.14.3.rel1.win32_1.0.100.202602081740/tools/bin/../lib/gcc/arm-none-eabi/14.3.1/../../../../arm-none-eabi/lib/thumb/v7e-m+fp/hard\libm.a(libm_a-ef_rem_pio2.o)
 .rodata.atanlo
                0x0801011c       0x10 D:/ST/STM32CubeIDE_1.18.0/STM32CubeIDE/plugins/com.st.stm32cube.ide.mcu.externaltools.gnu-tools-for-stm32.14.3.rel1.win32_1.0.100.202602081740/tools/bin/../lib/gcc/arm-none-eabi/14.3.1/../../../../arm-none-eabi/lib/thumb/v7e-m+fp/hard\libm.a(libm_a-sf_atan.o)
 .rodata.atanhi
                0x0801012c       0x10 D:/ST/STM32CubeIDE_1.18.0/STM32CubeIDE/plugins/com.st.stm32cube.ide.mcu.externaltools.gnu-tools-for-stm32.14.3.rel1.win32_1.0.100.202602081740/tools/bin/../lib/gcc/arm-none-eabi/14.3.1/../../../../arm-none-eabi/lib/thumb/v7e-m+fp/hard\libm.a(libm_a-sf_atan.o)
 .rodata.PIo2   0x0801013c       0x2c D:/ST/STM32CubeIDE_1.18.0/STM32CubeIDE/plugins/com.st.stm32cube.ide.mcu.externaltools.gnu-tools-for-stm32.14.3.rel1.win32_1.0.100.202602081740/tools/bin/../lib/gcc/arm-none-eabi/14.3.1/../../../../arm-none-eabi/lib/thumb/v7e-m+fp/hard\libm.a(libm_a-kf_rem_pio2.o)
 .rodata.init_jk
                0x08010168        0xc D:/ST/STM32CubeIDE_1.18.0/STM32CubeIDE/plugins/com.st.stm32cube.ide.mcu.externaltools.gnu-tools-for-stm32.14.3.rel1.win32_1.0.100.202602081740/tools/bin/../lib/gcc/arm-none-eabi/14.3.1/../../../../arm-none-eabi/lib/thumb/v7e-m+fp/hard\libm.a(libm_a-kf_rem_pio2.o)
                0x08010174                        . = ALIGN (0x4)

.ARM.extab      0x08010174        0x0
                0x08010174                        . = ALIGN (0x4)
 *(.ARM.extab* .gnu.linkonce.armextab.*)
                0x08010174                        . = ALIGN (0x4)

.ARM            0x08010174        0x8
                0x08010174                        . = ALIGN (0x4)
                0x08010174                        __exidx_start = .
 *(.ARM.exidx*)
 .ARM.exidx     0x08010174        0x8 D:/ST/STM32CubeIDE_1.18.0/STM32CubeIDE/plugins/com.st.stm32cube.ide.mcu.externaltools.gnu-tools-for-stm32.14.3.rel1.win32_1.0.100.202602081740/tools/bin/../lib/gcc/arm-none-eabi/14.3.1/../../../../arm-none-eabi/lib/thumb/v7e-m+fp/hard\libc_nano.a(libc_a-strlen.o)
 .ARM.exidx     0x0801017c        0x0 D:/ST/STM32CubeIDE_1.18.0/STM32CubeIDE/plugins/com.st.stm32cube.ide.mcu.externaltools.gnu-tools-for-stm32.14.3.rel1.win32_1.0.100.202602081740/tools/bin/../lib/gcc/arm-none-eabi/14.3.1/../../../../arm-none-eabi/lib/thumb/v7e-m+fp/hard\libc_nano.a(libc_a-memchr.o)
                                  0x8 (size before relaxing)
                0x0801017c                        __exidx_end = .
                0x0801017c                        . = ALIGN (0x4)

.preinit_array  0x0801017c        0x0
                0x0801017c                        . = ALIGN (0x4)
                0x0801017c                        PROVIDE (__preinit_array_start = .)
 *(.preinit_array*)
                0x0801017c                        PROVIDE (__preinit_array_end = .)
                0x0801017c                        . = ALIGN (0x4)

.init_array     0x0801017c        0x4
                0x0801017c                        . = ALIGN (0x4)
                0x0801017c                        PROVIDE (__init_array_start = .)
 *(SORT_BY_NAME(.init_array.*))
 *(.init_array*)
 .init_array    0x0801017c        0x4 D:/ST/STM32CubeIDE_1.18.0/STM32CubeIDE/plugins/com.st.stm32cube.ide.mcu.externaltools.gnu-tools-for-stm32.14.3.rel1.win32_1.0.100.202602081740/tools/bin/../lib/gcc/arm-none-eabi/14.3.1/thumb/v7e-m+fp/hard/crtbegin.o
                0x08010180                        PROVIDE (__init_array_end = .)
                0x08010180                        . = ALIGN (0x4)

.fini_array     0x08010180        0x4
                0x08010180                        . = ALIGN (0x4)
                [!provide]                        PROVIDE (__fini_array_start = .)
 *(SORT_BY_NAME(.fini_array.*))
 *(.fini_array*)
 .fini_array    0x08010180        0x4 D:/ST/STM32CubeIDE_1.18.0/STM32CubeIDE/plugins/com.st.stm32cube.ide.mcu.externaltools.gnu-tools-for-stm32.14.3.rel1.win32_1.0.100.202602081740/tools/bin/../lib/gcc/arm-none-eabi/14.3.1/thumb/v7e-m+fp/hard/crtbegin.o
                [!provide]                        PROVIDE (__fini_array_end = .)
                0x08010184                        . = ALIGN (0x4)
                0x08010184                        _sidata = LOADADDR (.data)

.rel.dyn        0x08010184        0x0
 .rel.iplt      0x08010184        0x0 D:/ST/STM32CubeIDE_1.18.0/STM32CubeIDE/plugins/com.st.stm32cube.ide.mcu.externaltools.gnu-tools-for-stm32.14.3.rel1.win32_1.0.100.202602081740/tools/bin/../lib/gcc/arm-none-eabi/14.3.1/thumb/v7e-m+fp/hard/crtbegin.o

.data           0x20000000       0x84 load address 0x08010184
                0x20000000                        . = ALIGN (0x4)
                0x20000000                        _sdata = .
 *(.data)
 *(.data*)
 .data.clear.1  0x20000000        0x1 ./Core/Src/COMM.o
 *fill*         0x20000001        0x3 
 .data.quat_gyro
                0x20000004       0x10 ./Core/Src/IMU.o
                0x20000004                quat_gyro
 .data.quat_delta
                0x20000014       0x10 ./Core/Src/IMU.o
                0x20000014                quat_delta
 .data.tof_dev  0x20000024        0x2 ./Core/Src/VL53L1X_api.o
                0x20000024                tof_dev
 *fill*         0x20000026        0x2 
 .data.SystemCoreClock
                0x20000028        0x4 ./Core/Src/system_stm32f3xx.o
                0x20000028                SystemCoreClock
 .data.uwTickPrio
                0x2000002c        0x4 ./Drivers/STM32F3xx_HAL_Driver/Src/stm32f3xx_hal.o
                0x2000002c                uwTickPrio
 .data.uwTickFreq
                0x20000030        0x1 ./Drivers/STM32F3xx_HAL_Driver/Src/stm32f3xx_hal.o
                0x20000030                uwTickFreq
 *fill*         0x20000031        0x3 
 .data._impure_ptr
                0x20000034        0x4 D:/ST/STM32CubeIDE_1.18.0/STM32CubeIDE/plugins/com.st.stm32cube.ide.mcu.externaltools.gnu-tools-for-stm32.14.3.rel1.win32_1.0.100.202602081740/tools/bin/../lib/gcc/arm-none-eabi/14.3.1/../../../../arm-none-eabi/lib/thumb/v7e-m+fp/hard\libc_nano.a(libc_a-impure.o)
                0x20000034                _impure_ptr
 .data._impure_data
                0x20000038       0x4c D:/ST/STM32CubeIDE_1.18.0/STM32CubeIDE/plugins/com.st.stm32cube.ide.mcu.externaltools.gnu-tools-for-stm32.14.3.rel1.win32_1.0.100.202602081740/tools/bin/../lib/gcc/arm-none-eabi/14.3.1/../../../../arm-none-eabi/lib/thumb/v7e-m+fp/hard\libc_nano.a(libc_a-impure.o)
                0x20000038                _impure_data
 *(.RamFunc)
 *(.RamFunc*)
                0x20000084                        . = ALIGN (0x4)
                0x20000084                        _edata = .
                0x08010208                        _siccmram = LOADADDR (.ccmram)

.igot.plt       0x20000084        0x0 load address 0x08010208
 .igot.plt      0x20000084        0x0 D:/ST/STM32CubeIDE_1.18.0/STM32CubeIDE/plugins/com.st.stm32cube.ide.mcu.externaltools.gnu-tools-for-stm32.14.3.rel1.win32_1.0.100.202602081740/tools/bin/../lib/gcc/arm-none-eabi/14.3.1/thumb/v7e-m+fp/hard/crtbegin.o

.ccmram         0x10000000        0x0 load address 0x08010208
                0x10000000                        . = ALIGN (0x4)
                0x10000000                        _sccmram = .
 *(.ccmram)
 *(.ccmram*)
                0x10000000                        . = ALIGN (0x4)
                0x10000000                        _eccmram = .
                0x10000000                        . = ALIGN (0x4)

.bss            0x20000084     0x235c
                0x20000084                        _sbss = .
                0x20000084                        __bss_start__ = _sbss
 *(.bss)
 .bss           0x20000084       0x1c D:/ST/STM32CubeIDE_1.18.0/STM32CubeIDE/plugins/com.st.stm32cube.ide.mcu.externaltools.gnu-tools-for-stm32.14.3.rel1.win32_1.0.100.202602081740/tools/bin/../lib/gcc/arm-none-eabi/14.3.1/thumb/v7e-m+fp/hard/crtbegin.o
 *(.bss*)
 .bss.hi2c1     0x200000a0       0x54 ./Core/Src/COMM.o
                0x200000a0                hi2c1
 .bss.hdma_i2c1_tx
                0x200000f4       0x44 ./Core/Src/COMM.o
                0x200000f4                hdma_i2c1_tx
 .bss.hdma_i2c1_rx
                0x20000138       0x44 ./Core/Src/COMM.o
                0x20000138                hdma_i2c1_rx
 .bss.huart1    0x2000017c       0x88 ./Core/Src/COMM.o
                0x2000017c                huart1
 .bss.hdma_usart1_tx
                0x20000204       0x44 ./Core/Src/COMM.o
                0x20000204                hdma_usart1_tx
 .bss.hdma_usart1_rx
                0x20000248       0x44 ./Core/Src/COMM.o
                0x20000248                hdma_usart1_rx
 .bss.hspi2     0x2000028c       0x64 ./Core/Src/COMM.o
                0x2000028c                hspi2
 .bss.uart1_txBuffer
                0x200002f0      0x400 ./Core/Src/COMM.o
                0x200002f0                uart1_txBuffer
 .bss.txWriteIndex
                0x200006f0        0x2 ./Core/Src/COMM.o
                0x200006f0                txWriteIndex
 .bss.txReadIndex
                0x200006f2        0x2 ./Core/Src/COMM.o
                0x200006f2                txReadIndex
 .bss.txBusy    0x200006f4        0x1 ./Core/Src/COMM.o
                0x200006f4                txBusy
 .bss.i2c_state
                0x200006f5        0x1 ./Core/Src/COMM.o
                0x200006f5                i2c_state
 .bss.imu_task_state
                0x200006f6        0x1 ./Core/Src/COMM.o
                0x200006f6                imu_task_state
 .bss.tof_task_state
                0x200006f7        0x1 ./Core/Src/COMM.o
                0x200006f7                tof_task_state
 .bss.sensor_sample_rb
                0x200006f8      0xc04 ./Core/Src/COMM.o
 .bss.sensor_request_rb
                0x200012fc      0xa04 ./Core/Src/COMM.o
 .bss.imu_raw_tmp
                0x20001d00        0xf ./Core/Src/COMM.o
 .bss.tof_status
                0x20001d0f        0x1 ./Core/Src/COMM.o
                0x20001d0f                tof_status
 .bss.tof_raw_tmp
                0x20001d10        0x2 ./Core/Src/COMM.o
 *fill*         0x20001d12        0x2 
 .bss.current_req
                0x20001d14       0x14 ./Core/Src/COMM.o
                0x20001d14                current_req
 .bss.spi_state
                0x20001d28        0x1 ./Core/Src/COMM.o
                0x20001d28                spi_state
 *fill*         0x20001d29        0x3 
 .bss.spi_buff  0x20001d2c        0xc ./Core/Src/COMM.o
                0x20001d2c                spi_buff
 .bss.req.4     0x20001d38       0x14 ./Core/Src/COMM.o
 .bss.req.3     0x20001d4c       0x14 ./Core/Src/COMM.o
 .bss.req.2     0x20001d60       0x14 ./Core/Src/COMM.o
 .bss.req.0     0x20001d74       0x14 ./Core/Src/COMM.o
 .bss.bias_sample_cnt
                0x20001d88        0x4 ./Core/Src/IMU.o
                0x20001d88                bias_sample_cnt
 .bss.t_calib   0x20001d8c        0x4 ./Core/Src/IMU.o
                0x20001d8c                t_calib
 .bss.imu_last_timestamp
                0x20001d90        0x4 ./Core/Src/IMU.o
 .bss.accel     0x20001d94        0xc ./Core/Src/IMU.o
                0x20001d94                accel
 .bss.gyro_Bias
                0x20001da0        0xc ./Core/Src/IMU.o
                0x20001da0                gyro_Bias
 .bss.gyro_Sample
                0x20001dac        0xc ./Core/Src/IMU.o
                0x20001dac                gyro_Sample
 .bss.gyro_frame
                0x20001db8        0xc ./Core/Src/IMU.o
                0x20001db8                gyro_frame
 .bss.gyro_frame_deg
                0x20001dc4        0xc ./Core/Src/IMU.o
                0x20001dc4                gyro_frame_deg
 .bss.gyro      0x20001dd0        0xc ./Core/Src/IMU.o
                0x20001dd0                gyro
 .bss.gravity_meas
                0x20001ddc        0xc ./Core/Src/IMU.o
                0x20001ddc                gravity_meas
 .bss.gyro_bias_integral
                0x20001de8        0xc ./Core/Src/IMU.o
                0x20001de8                gyro_bias_integral
 .bss.quat_flt_orientation
                0x20001df4       0x10 ./Core/Src/IMU.o
                0x20001df4                quat_flt_orientation
 .bss.euler_flt
                0x20001e04        0xc ./Core/Src/IMU.o
                0x20001e04                euler_flt
 .bss.optical_data
                0x20001e10        0x8 ./Core/Src/Optic.o
                0x20001e10                optical_data
 .bss.opt_now   0x20001e18        0x4 ./Core/Src/Optic.o
                0x20001e18                opt_now
 .bss.opt_last_time
                0x20001e1c        0x4 ./Core/Src/Optic.o
                0x20001e1c                opt_last_time
 .bss.opt_read_state
                0x20001e20        0x1 ./Core/Src/Optic.o
                0x20001e20                opt_read_state
 *fill*         0x20001e21        0x3 
 .bss.pid_roll  0x20001e24       0x20 ./Core/Src/PID_CONTROL.o
                0x20001e24                pid_roll
 .bss.pid_pitch
                0x20001e44       0x20 ./Core/Src/PID_CONTROL.o
                0x20001e44                pid_pitch
 .bss.pid_yaw   0x20001e64       0x20 ./Core/Src/PID_CONTROL.o
                0x20001e64                pid_yaw
 .bss.pid_height
                0x20001e84       0x20 ./Core/Src/PID_CONTROL.o
                0x20001e84                pid_height
 .bss.pid_control
                0x20001ea4       0x14 ./Core/Src/PID_CONTROL.o
                0x20001ea4                pid_control
 .bss.position  0x20001eb8        0xc ./Core/Src/PID_CONTROL.o
                0x20001eb8                position
 .bss.velocity  0x20001ec4        0xc ./Core/Src/PID_CONTROL.o
                0x20001ec4                velocity
 .bss.m1        0x20001ed0        0x4 ./Core/Src/PID_CONTROL.o
                0x20001ed0                m1
 .bss.m2        0x20001ed4        0x4 ./Core/Src/PID_CONTROL.o
                0x20001ed4                m2
 .bss.m3        0x20001ed8        0x4 ./Core/Src/PID_CONTROL.o
                0x20001ed8                m3
 .bss.m4        0x20001edc        0x4 ./Core/Src/PID_CONTROL.o
                0x20001edc                m4
 .bss.tof_distance_mm
                0x20001ee0        0x2 ./Core/Src/TOF.o
                0x20001ee0                tof_distance_mm
 *fill*         0x20001ee2        0x2 
 .bss.vz_filtered
                0x20001ee4        0x4 ./Core/Src/TOF.o
                0x20001ee4                vz_filtered
 .bss.z_prev    0x20001ee8        0x4 ./Core/Src/TOF.o
                0x20001ee8                z_prev
 .bss.tof_now   0x20001eec        0x4 ./Core/Src/TOF.o
                0x20001eec                tof_now
 .bss.tof_last_time
                0x20001ef0        0x4 ./Core/Src/TOF.o
                0x20001ef0                tof_last_time
 .bss.pid_traget
                0x20001ef4       0x14 ./Core/Src/flight.o
                0x20001ef4                pid_traget
 .bss.str       0x20001f08      0x200 ./Core/Src/main.o
                0x20001f08                str
 .bss.__sbrk_heap_end
                0x20002108        0x4 ./Core/Src/sysmem.o
 .bss.htim1     0x2000210c       0x4c ./Core/Src/timers.o
                0x2000210c                htim1
 .bss.htim3     0x20002158       0x4c ./Core/Src/timers.o
                0x20002158                htim3
 .bss.htim2     0x200021a4       0x4c ./Core/Src/timers.o
                0x200021a4                htim2
 .bss.htim16    0x200021f0       0x4c ./Core/Src/timers.o
                0x200021f0                htim16
 .bss.htim17    0x2000223c       0x4c ./Core/Src/timers.o
                0x2000223c                htim17
 .bss.imu_deltatime
                0x20002288        0x4 ./Core/Src/timers.o
                0x20002288                imu_deltatime
 .bss.pid_deltatime
                0x2000228c        0x4 ./Core/Src/timers.o
                0x2000228c                pid_deltatime
 .bss.pid_lasttime
                0x20002290        0x4 ./Core/Src/timers.o
                0x20002290                pid_lasttime
 .bss.uwTick    0x20002294        0x4 ./Drivers/STM32F3xx_HAL_Driver/Src/stm32f3xx_hal.o
                0x20002294                uwTick
 .bss.__sf      0x20002298      0x138 D:/ST/STM32CubeIDE_1.18.0/STM32CubeIDE/plugins/com.st.stm32cube.ide.mcu.externaltools.gnu-tools-for-stm32.14.3.rel1.win32_1.0.100.202602081740/tools/bin/../lib/gcc/arm-none-eabi/14.3.1/../../../../arm-none-eabi/lib/thumb/v7e-m+fp/hard\libc_nano.a(libc_a-findfp.o)
                0x20002298                __sf
 .bss.errno     0x200023d0        0x4 D:/ST/STM32CubeIDE_1.18.0/STM32CubeIDE/plugins/com.st.stm32cube.ide.mcu.externaltools.gnu-tools-for-stm32.14.3.rel1.win32_1.0.100.202602081740/tools/bin/../lib/gcc/arm-none-eabi/14.3.1/../../../../arm-none-eabi/lib/thumb/v7e-m+fp/hard\libc_nano.a(libc_a-reent.o)
                0x200023d0                errno
 .bss.__lock___malloc_recursive_mutex
                0x200023d4        0x1 D:/ST/STM32CubeIDE_1.18.0/STM32CubeIDE/plugins/com.st.stm32cube.ide.mcu.externaltools.gnu-tools-for-stm32.14.3.rel1.win32_1.0.100.202602081740/tools/bin/../lib/gcc/arm-none-eabi/14.3.1/../../../../arm-none-eabi/lib/thumb/v7e-m+fp/hard\libc_nano.a(libc_a-lock.o)
                0x200023d4                __lock___malloc_recursive_mutex
 *fill*         0x200023d5        0x3 
 .bss.__malloc_sbrk_start
                0x200023d8        0x4 D:/ST/STM32CubeIDE_1.18.0/STM32CubeIDE/plugins/com.st.stm32cube.ide.mcu.externaltools.gnu-tools-for-stm32.14.3.rel1.win32_1.0.100.202602081740/tools/bin/../lib/gcc/arm-none-eabi/14.3.1/../../../../arm-none-eabi/lib/thumb/v7e-m+fp/hard\libc_nano.a(libc_a-mallocr.o)
                0x200023d8                __malloc_sbrk_start
 .bss.__malloc_free_list
                0x200023dc        0x4 D:/ST/STM32CubeIDE_1.18.0/STM32CubeIDE/plugins/com.st.stm32cube.ide.mcu.externaltools.gnu-tools-for-stm32.14.3.rel1.win32_1.0.100.202602081740/tools/bin/../lib/gcc/arm-none-eabi/14.3.1/../../../../arm-none-eabi/lib/thumb/v7e-m+fp/hard\libc_nano.a(libc_a-mallocr.o)
                0x200023dc                __malloc_free_list
 *(COMMON)
                0x200023e0                        . = ALIGN (0x4)
                0x200023e0                        _ebss = .
                0x200023e0                        __bss_end__ = _ebss

._user_heap_stack
                0x200023e0      0x600
                0x200023e0                        . = ALIGN (0x8)
                [!provide]                        PROVIDE (end = .)
                0x200023e0                        PROVIDE (_end = .)
                0x200025e0                        . = (. + _Min_Heap_Size)
 *fill*         0x200023e0      0x200 
                0x200029e0                        . = (. + _Min_Stack_Size)
 *fill*         0x200025e0      0x400 
                0x200029e0                        . = ALIGN (0x8)

/DISCARD/
 libc.a(*)
 libm.a(*)
 libgcc.a(*)

.ARM.attributes
                0x00000000       0x30
 *(.ARM.attributes)
 .ARM.attributes
                0x00000000       0x22 D:/ST/STM32CubeIDE_1.18.0/STM32CubeIDE/plugins/com.st.stm32cube.ide.mcu.externaltools.gnu-tools-for-stm32.14.3.rel1.win32_1.0.100.202602081740/tools/bin/../lib/gcc/arm-none-eabi/14.3.1/thumb/v7e-m+fp/hard/crti.o
 .ARM.attributes
                0x00000022       0x34 D:/ST/STM32CubeIDE_1.18.0/STM32CubeIDE/plugins/com.st.stm32cube.ide.mcu.externaltools.gnu-tools-for-stm32.14.3.rel1.win32_1.0.100.202602081740/tools/bin/../lib/gcc/arm-none-eabi/14.3.1/thumb/v7e-m+fp/hard/crtbegin.o
 .ARM.attributes
                0x00000056       0x34 ./Core/Src/COMM.o
 .ARM.attributes
                0x0000008a       0x34 ./Core/Src/IMU.o
 .ARM.attributes
                0x000000be       0x34 ./Core/Src/MOTOR.o
 .ARM.attributes
                0x000000f2       0x34 ./Core/Src/Optic.o
 .ARM.attributes
                0x00000126       0x34 ./Core/Src/PID_CONTROL.o
 .ARM.attributes
                0x0000015a       0x34 ./Core/Src/TOF.o
 .ARM.attributes
                0x0000018e       0x34 ./Core/Src/VL53L1X_api.o
 .ARM.attributes
                0x000001c2       0x34 ./Core/Src/flight.o
 .ARM.attributes
                0x000001f6       0x34 ./Core/Src/main.o
 .ARM.attributes
                0x0000022a       0x34 ./Core/Src/stm32f3xx_hal_msp.o
 .ARM.attributes
                0x0000025e       0x34 ./Core/Src/stm32f3xx_it.o
 .ARM.attributes
                0x00000292       0x34 ./Core/Src/sysmem.o
 .ARM.attributes
                0x000002c6       0x34 ./Core/Src/system_stm32f3xx.o
 .ARM.attributes
                0x000002fa       0x34 ./Core/Src/timers.o
 .ARM.attributes
                0x0000032e       0x34 ./Core/Src/vl53l1_platform.o
 .ARM.attributes
                0x00000362       0x21 ./Core/Startup/startup_stm32f303cctx.o
 .ARM.attributes
                0x00000383       0x34 ./Drivers/STM32F3xx_HAL_Driver/Src/stm32f3xx_hal.o
 .ARM.attributes
                0x000003b7       0x34 ./Drivers/STM32F3xx_HAL_Driver/Src/stm32f3xx_hal_cortex.o
 .ARM.attributes
                0x000003eb       0x34 ./Drivers/STM32F3xx_HAL_Driver/Src/stm32f3xx_hal_dma.o
 .ARM.attributes
                0x0000041f       0x34 ./Drivers/STM32F3xx_HAL_Driver/Src/stm32f3xx_hal_gpio.o
 .ARM.attributes
                0x00000453       0x34 ./Drivers/STM32F3xx_HAL_Driver/Src/stm32f3xx_hal_i2c.o
 .ARM.attributes
                0x00000487       0x34 ./Drivers/STM32F3xx_HAL_Driver/Src/stm32f3xx_hal_i2c_ex.o
 .ARM.attributes
                0x000004bb       0x34 ./Drivers/STM32F3xx_HAL_Driver/Src/stm32f3xx_hal_rcc.o
 .ARM.attributes
                0x000004ef       0x34 ./Drivers/STM32F3xx_HAL_Driver/Src/stm32f3xx_hal_rcc_ex.o
 .ARM.attributes
                0x00000523       0x34 ./Drivers/STM32F3xx_HAL_Driver/Src/stm32f3xx_hal_spi.o
 .ARM.attributes
                0x00000557       0x34 ./Drivers/STM32F3xx_HAL_Driver/Src/stm32f3xx_hal_tim.o
 .ARM.attributes
                0x0000058b       0x34 ./Drivers/STM32F3xx_HAL_Driver/Src/stm32f3xx_hal_tim_ex.o
 .ARM.attributes
                0x000005bf       0x34 ./Drivers/STM32F3xx_HAL_Driver/Src/stm32f3xx_hal_uart.o
 .ARM.attributes
                0x000005f3       0x34 ./Drivers/STM32F3xx_HAL_Driver/Src/stm32f3xx_hal_uart_ex.o
 .ARM.attributes
                0x00000627       0x34 D:/ST/STM32CubeIDE_1.18.0/STM32CubeIDE/plugins/com.st.stm32cube.ide.mcu.externaltools.gnu-tools-for-stm32.14.3.rel1.win32_1.0.100.202602081740/tools/bin/../lib/gcc/arm-none-eabi/14.3.1/../../../../arm-none-eabi/lib/thumb/v7e-m+fp/hard\libc_nano.a(libc_a-findfp.o)
 .ARM.attributes
                0x0000065b       0x34 D:/ST/STM32CubeIDE_1.18.0/STM32CubeIDE/plugins/com.st.stm32cube.ide.mcu.externaltools.gnu-tools-for-stm32.14.3.rel1.win32_1.0.100.202602081740/tools/bin/../lib/gcc/arm-none-eabi/14.3.1/../../../../arm-none-eabi/lib/thumb/v7e-m+fp/hard\libc_nano.a(libc_a-sprintf.o)
 .ARM.attributes
                0x0000068f       0x34 D:/ST/STM32CubeIDE_1.18.0/STM32CubeIDE/plugins/com.st.stm32cube.ide.mcu.externaltools.gnu-tools-for-stm32.14.3.rel1.win32_1.0.100.202602081740/tools/bin/../lib/gcc/arm-none-eabi/14.3.1/../../../../arm-none-eabi/lib/thumb/v7e-m+fp/hard\libc_nano.a(libc_a-memset.o)
 .ARM.attributes