../Core/Src/COMM.c:43:6:comm_init	8	static
../Core/Src/COMM.c:57:13:MX_I2C1_Init	8	static
../Core/Src/COMM.c:105:13:MX_USART1_UART_Init	8	static
../Core/Src/COMM.c:135:13:MX_SPI2_Init	8	static
../Core/Src/COMM.c:162:6:MX_SPI2_Init_AFTER_OPTIC	8	static
../Core/Src/COMM.c:192:13:MX_DMA_Init	16	static
../Core/Src/COMM.c:214:19:i2c_req_push	32	static
../Core/Src/COMM.c:233:19:i2c_req_pop	24	static
../Core/Src/COMM.c:248:20:sensor_rb_push	32	static
../Core/Src/COMM.c:260:19:sensor_rb_pop	24	static
../Core/Src/COMM.c:272:6:IMU_Task	8	static
../Core/Src/COMM.c:297:6:TOF_Task_Status	8	static
../Core/Src/COMM.c:320:6:TOF_Task_Clear	8	static
../Core/Src/COMM.c:343:6:TOF_Task_Distance	8	static
../Core/Src/COMM.c:365:6:I2C_Task	32	static
../Core/Src/COMM.c:400:9:SENSOR_Process	48	static
../Core/Src/COMM.c:443:6:HAL_I2C_MemRxCpltCallback	48	static
../Core/Src/COMM.c:491:6:HAL_I2C_MemTxCpltCallback	16	static
../Core/Src/COMM.c:516:6:HAL_I2C_ErrorCallback	16	static
../Core/Src/COMM.c:522:6:debug_print	16	static
../Core/Src/COMM.c:526:6:USART1_Transmit_DMA	24	static,ignoring_inline_asm
../Core/Src/COMM.c:562:6:HAL_UART_TxCpltCallback	24	static
../Core/Src/COMM.c:583:6:HAL_SPI_RxCpltCallback	16	static
../Core/Src/COMM.c:592:6:HAL_SPI_TxCpltCallback	16	static
../Core/Src/COMM.c:601:6:HAL_SPI_TxRxCpltCallback	16	static
../Core/Src/COMM.c:609:6:HAL_SPI_ErrorCallback	16	static
