../Core/Src/IMU.c:40:6:IMU_Init	32	static
../Core/Src/IMU.c:69:6:IMU_Config_Fast_Mode	32	static
../Core/Src/IMU.c:101:6:IMU_Verify_Config	80	static
../Core/Src/IMU.c:149:6:IMU_Request_Data	8	static
../Core/Src/IMU.c:155:6:IMU_Parse_Data	8	static
../Core/Src/IMU.c:172:6:IMU_Calib	16	static
../Core/Src/IMU.c:211:6:IMU_compute_rotation	112	static
../Core/Src/IMU.c:297:6:IMU_compute_position	104	static
../Core/Src/IMU.c:366:19:Wait_For_I2C_Complete	24	static
../Core/Src/IMU.c:379:7:vector3_dot	32	static
../Core/Src/IMU.c:385:9:vector3_cross	72	static
../Core/Src/IMU.c:395:9:vector3_normalize	88	static
../Core/Src/IMU.c:405:7:vector3_length	24	static
../Core/Src/IMU.c:408:12:quaternion_multiply	88	static
../Core/Src/IMU.c:421:12:quaternion_normalize	96	static
../Core/Src/IMU.c:437:13:quat_to_euler	88	static
