../Core/Src/main.c:118:5:main	8	static
../Core/Src/main.c:173:6:SystemClock_Config	128	static
../Core/Src/main.c:220:13:MX_I2C1_Init	8	static
../Core/Src/main.c:268:13:MX_TIM6_Init	24	static
../Core/Src/main.c:306:13:MX_USART1_UART_Init	8	static
../Core/Src/main.c:339:13:MX_DMA_Init	16	static
../Core/Src/main.c:366:13:MX_GPIO_Init	16	static
../Core/Src/main.c:384:6:IMU_Init	96	static
../Core/Src/main.c:446:6:IMU_Config_Fast_Mode	16	static
../Core/Src/main.c:490:6:IMU_Read_Accel_Gyro	104	static
../Core/Src/main.c:535:6:debug_print	16	static
../Core/Src/main.c:539:6:USART1_Transmit_DMA	24	static,ignoring_inline_asm
../Core/Src/main.c:575:6:HAL_UART_TxCpltCallback	24	static
../Core/Src/main.c:597:19:I2C_Write_DMA	32	static
../Core/Src/main.c:604:19:I2C_Read_DMA	32	static
../Core/Src/main.c:612:6:HAL_I2C_MemRxCpltCallback	16	static
../Core/Src/main.c:618:6:HAL_I2C_MasterTxCpltCallback	16	static
../Core/Src/main.c:624:6:HAL_I2C_MasterRxCpltCallback	16	static
../Core/Src/main.c:630:6:HAL_I2C_ErrorCallback	16	static
../Core/Src/main.c:637:10:get_millis	4	static
../Core/Src/main.c:642:6:delay	24	static
../Core/Src/main.c:650:5:timeout	24	static
../Core/Src/main.c:666:6:Error_Handler	4	static,ignoring_inline_asm
