../Core/Src/main.c:102:5:main	344	static
../Core/Src/main.c:197:6:SystemClock_Config	128	static
../Core/Src/main.c:246:13:MX_I2C1_Init	8	static
../Core/Src/main.c:294:13:MX_TIM1_Init	112	static
../Core/Src/main.c:373:13:MX_TIM3_Init	64	static
../Core/Src/main.c:426:13:MX_TIM2_Init	24	static
../Core/Src/main.c:464:13:MX_TIM16_Init	80	static
../Core/Src/main.c:527:13:MX_TIM17_Init	80	static
../Core/Src/main.c:590:13:MX_USART1_UART_Init	8	static
../Core/Src/main.c:623:13:MX_DMA_Init	16	static
../Core/Src/main.c:650:13:MX_GPIO_Init	16	static
../Core/Src/main.c:666:17:get_us	4	static
../Core/Src/main.c:670:7:get_millis	4	static
../Core/Src/main.c:675:7:pid_deltatime_us	16	static
../Core/Src/main.c:683:7:imu_deltatime_us	16	static
../Core/Src/main.c:691:6:delay_ms	24	static,ignoring_inline_asm
../Core/Src/main.c:703:5:timeout	24	static
../Core/Src/main.c:719:6:Error_Handler	4	static,ignoring_inline_asm
