../Core/Src/VL53L1X_api.c:162:15:VL53L1X_GetSWVersion	24	static
../Core/Src/VL53L1X_api.c:173:15:VL53L1X_SetI2CAddress	24	static
../Core/Src/VL53L1X_api.c:181:15:VL53L1X_SensorInit	24	static
../Core/Src/VL53L1X_api.c:224:15:VL53L1X_ClearInterrupt	24	static
../Core/Src/VL53L1X_api.c:232:15:VL53L1X_SetInterruptPolarity	24	static
../Core/Src/VL53L1X_api.c:243:15:VL53L1X_GetInterruptPolarity	24	static
../Core/Src/VL53L1X_api.c:254:15:VL53L1X_StartRanging	24	static
../Core/Src/VL53L1X_api.c:262:15:VL53L1X_StopRanging	24	static
../Core/Src/VL53L1X_api.c:270:15:VL53L1X_CheckForDataReady	24	static
../Core/Src/VL53L1X_api.c:291:15:VL53L1X_SetTimingBudgetInMs	24	static
../Core/Src/VL53L1X_api.c:393:15:VL53L1X_GetTimingBudgetInMs	24	static
../Core/Src/VL53L1X_api.c:434:15:VL53L1X_SetDistanceMode	24	static
../Core/Src/VL53L1X_api.c:469:15:VL53L1X_GetDistanceMode	24	static
../Core/Src/VL53L1X_api.c:481:15:VL53L1X_SetInterMeasurementInMs	24	static
../Core/Src/VL53L1X_api.c:494:15:VL53L1X_GetInterMeasurementInMs	32	static
../Core/Src/VL53L1X_api.c:508:15:VL53L1X_BootState	24	static
../Core/Src/VL53L1X_api.c:518:15:VL53L1X_GetSensorId	24	static
../Core/Src/VL53L1X_api.c:528:15:VL53L1X_GetDistance	24	static
../Core/Src/VL53L1X_api.c:538:15:VL53L1X_GetSignalPerSpad	32	static
../Core/Src/VL53L1X_api.c:551:15:VL53L1X_GetAmbientPerSpad	32	static
../Core/Src/VL53L1X_api.c:562:15:VL53L1X_GetSignalRate	24	static
../Core/Src/VL53L1X_api.c:573:15:VL53L1X_GetSpadNb	24	static
../Core/Src/VL53L1X_api.c:584:15:VL53L1X_GetAmbientRate	24	static
../Core/Src/VL53L1X_api.c:594:15:VL53L1X_GetRangeStatus	24	static
../Core/Src/VL53L1X_api.c:607:15:VL53L1X_GetResult	40	static
../Core/Src/VL53L1X_api.c:626:15:VL53L1X_SetOffset	24	static
../Core/Src/VL53L1X_api.c:639:16:VL53L1X_GetOffset	24	static
../Core/Src/VL53L1X_api.c:657:15:VL53L1X_SetXtalk	24	static
../Core/Src/VL53L1X_api.c:672:15:VL53L1X_GetXtalk	24	static
../Core/Src/VL53L1X_api.c:681:15:VL53L1X_SetDistanceThreshold	32	static
../Core/Src/VL53L1X_api.c:701:15:VL53L1X_GetDistanceThresholdWindow	24	static
../Core/Src/VL53L1X_api.c:710:15:VL53L1X_GetDistanceThresholdLow	24	static
../Core/Src/VL53L1X_api.c:720:15:VL53L1X_GetDistanceThresholdHigh	24	static
../Core/Src/VL53L1X_api.c:730:15:VL53L1X_SetROICenter	24	static
../Core/Src/VL53L1X_api.c:737:15:VL53L1X_GetROICenter	24	static
../Core/Src/VL53L1X_api.c:746:15:VL53L1X_SetROI	24	static
../Core/Src/VL53L1X_api.c:765:15:VL53L1X_GetROI_XY	32	static
../Core/Src/VL53L1X_api.c:776:15:VL53L1X_SetSignalThreshold	24	static
../Core/Src/VL53L1X_api.c:784:15:VL53L1X_GetSignalThreshold	24	static
../Core/Src/VL53L1X_api.c:795:15:VL53L1X_SetSigmaThreshold	24	static
../Core/Src/VL53L1X_api.c:807:15:VL53L1X_GetSigmaThreshold	24	static
../Core/Src/VL53L1X_api.c:818:15:VL53L1X_StartTemperatureUpdate	24	static
